Component: ARM Compiler 5.06 update 6 (build 750) Tool: armlink [4d35ed]

==============================================================================

Section Cross References

    main.o(i.PIT_IRQHandler) refers to main.o(i.__NVIC_ClearPendingIRQ) for __NVIC_ClearPendingIRQ
    main.o(i.TPM1_IRQHandler) refers to main.o(i.__NVIC_ClearPendingIRQ) for __NVIC_ClearPendingIRQ
    main.o(i.TPM1_IRQHandler) refers to gpio.o(i.isPressed3) for isPressed3
    main.o(i.TPM1_IRQHandler) refers to gpio.o(i.directionLEDOnOff) for directionLEDOnOff
    main.o(i.TPM1_IRQHandler) refers to main.o(i.updateInterval) for updateInterval
    main.o(i.button2Task) refers to gpio.o(i.isPressed2) for isPressed2
    main.o(i.button2Task) refers to rtx_evflags.o(.text.osEventFlagsSet) for osEventFlagsSet
    main.o(i.button2Task) refers to rtx_delay.o(.text.osDelay) for osDelay
    main.o(i.button2Task) refers to main.o(.data) for evtFlags
    main.o(i.buttonTask) refers to main.o(i.forwardMotor) for forwardMotor
    main.o(i.buttonTask) refers to gpio.o(i.isPressed) for isPressed
    main.o(i.buttonTask) refers to dmul.o(.text) for __aeabi_dmul
    main.o(i.buttonTask) refers to dfixui.o(.text) for __aeabi_d2uiz
    main.o(i.buttonTask) refers to tpm_pwm.o(i.setPWMDuty) for setPWMDuty
    main.o(i.buttonTask) refers to rtx_delay.o(.text.osDelay) for osDelay
    main.o(i.buttonTask) refers to main.o(.data) for PWM_index
    main.o(i.freqTask) refers to pit.o(i.setTimer) for setTimer
    main.o(i.freqTask) refers to pit.o(i.startTimer) for startTimer
    main.o(i.freqTask) refers to rtx_msgqueue.o(.text.osMessageQueueGet) for osMessageQueueGet
    main.o(i.freqTask) refers to dflti.o(.text) for __aeabi_ui2d
    main.o(i.freqTask) refers to dmul.o(.text) for __aeabi_dmul
    main.o(i.freqTask) refers to ddiv.o(.text) for __aeabi_ddiv
    main.o(i.freqTask) refers to dfixi.o(.text) for __aeabi_d2iz
    main.o(i.freqTask) refers to aeabi_sdiv.o(.text) for __aeabi_uidivmod
    main.o(i.freqTask) refers to gpio.o(i.redLEDOnOff) for redLEDOnOff
    main.o(i.freqTask) refers to gpio.o(i.greenLEDOnOff) for greenLEDOnOff
    main.o(i.freqTask) refers to gpio.o(i.blueLEDOnOff) for blueLEDOnOff
    main.o(i.freqTask) refers to main.o(.data) for interval_q_id
    main.o(i.main) refers to gpio.o(i.configureGPIOinput) for configureGPIOinput
    main.o(i.main) refers to gpio.o(i.configureGPIOoutput) for configureGPIOoutput
    main.o(i.main) refers to pit.o(i.configurePIT) for configurePIT
    main.o(i.main) refers to tpm_pwm.o(i.configureTPMClock) for configureTPMClock
    main.o(i.main) refers to tpm_pwm.o(i.configureTPM0forPWM) for configureTPM0forPWM
    main.o(i.main) refers to tpm_pwm.o(i.configureTPM1forCapture) for configureTPM1forCapture
    main.o(i.main) refers to system_mkl25z4.o(i.SystemCoreClockUpdate) for SystemCoreClockUpdate
    main.o(i.main) refers to rtx_kernel.o(.text.osKernelInitialize) for osKernelInitialize
    main.o(i.main) refers to gpio.o(i.redLEDOnOff) for redLEDOnOff
    main.o(i.main) refers to rtx_msgqueue.o(.text.osMessageQueueNew) for osMessageQueueNew
    main.o(i.main) refers to rtx_evflags.o(.text.osEventFlagsNew) for osEventFlagsNew
    main.o(i.main) refers to rtx_thread.o(.text.osThreadNew) for osThreadNew
    main.o(i.main) refers to rtx_kernel.o(.text.osKernelStart) for osKernelStart
    main.o(i.main) refers to main.o(.data) for interval_q_id
    main.o(i.main) refers to main.o(i.freqTask) for freqTask
    main.o(i.main) refers to main.o(i.buttonTask) for buttonTask
    main.o(i.main) refers to main.o(i.button2Task) for button2Task
    main.o(i.main) refers to main.o(i.switchDirectionTask) for switchDirectionTask
    main.o(i.switchDirectionTask) refers to rtx_evflags.o(.text.osEventFlagsWait) for osEventFlagsWait
    main.o(i.switchDirectionTask) refers to main.o(i.backwardMotor) for backwardMotor
    main.o(i.switchDirectionTask) refers to main.o(i.forwardMotor) for forwardMotor
    main.o(i.switchDirectionTask) refers to main.o(.data) for evtFlags
    main.o(i.updateInterval) refers to rtx_msgqueue.o(.text.osMessageQueuePut) for osMessageQueuePut
    main.o(i.updateInterval) refers to main.o(.data) for count
    main.o(i.updateInterval) refers to main.o(.bss) for interval
    pit.o(i.configurePIT) refers to pit.o(i.__NVIC_SetPriority) for __NVIC_SetPriority
    tpm_pwm.o(i.configureTPM1forCapture) refers to tpm_pwm.o(i.__NVIC_SetPriority) for __NVIC_SetPriority
    rtx_lib.o(i.__user_perthread_libspace) refers to rtx_lib.o(i.os_kernel_is_active) for os_kernel_is_active
    rtx_lib.o(i.__user_perthread_libspace) refers to rtx_thread.o(.text.osThreadGetId) for osThreadGetId
    rtx_lib.o(i.__user_perthread_libspace) refers to rtx_config.o(i.osRtxErrorNotify) for osRtxErrorNotify
    rtx_lib.o(i.__user_perthread_libspace) refers to rtx_lib.o(.bss.os.libspace) for os_libspace_id
[...]
    .ARM.Collect$$libinit$$00000023          0x00000122   Section        0  libinit2.o(.ARM.Collect$$libinit$$00000023)
    .ARM.Collect$$libinit$$00000025          0x00000122   Section        0  libinit2.o(.ARM.Collect$$libinit$$00000025)
    .ARM.Collect$$libinit$$0000002C          0x00000122   Section        0  libinit2.o(.ARM.Collect$$libinit$$0000002C)
    .ARM.Collect$$libinit$$0000002E          0x00000122   Section        0  libinit2.o(.ARM.Collect$$libinit$$0000002E)
    .ARM.Collect$$libinit$$00000030          0x00000122   Section        0  libinit2.o(.ARM.Collect$$libinit$$00000030)
    .ARM.Collect$$libinit$$00000032          0x00000122   Section        0  libinit2.o(.ARM.Collect$$libinit$$00000032)
    .ARM.Collect$$libinit$$00000033          0x00000122   Section        2  libinit2.o(.ARM.Collect$$libinit$$00000033)
    .ARM.Collect$$libshutdown$$00000000      0x00000124   Section        2  libshutdown.o(.ARM.Collect$$libshutdown$$00000000)
    .ARM.Collect$$libshutdown$$00000002      0x00000126   Section        0  libshutdown2.o(.ARM.Collect$$libshutdown$$00000002)
    .ARM.Collect$$libshutdown$$00000004      0x00000126   Section        0  libshutdown2.o(.ARM.Collect$$libshutdown$$00000004)
    .ARM.Collect$$libshutdown$$00000007      0x00000126   Section        0  libshutdown2.o(.ARM.Collect$$libshutdown$$00000007)
    .ARM.Collect$$libshutdown$$0000000A      0x00000126   Section        0  libshutdown2.o(.ARM.Collect$$libshutdown$$0000000A)
    .ARM.Collect$$libshutdown$$0000000C      0x00000126   Section        0  libshutdown2.o(.ARM.Collect$$libshutdown$$0000000C)
    .ARM.Collect$$libshutdown$$0000000F      0x00000126   Section        0  libshutdown2.o(.ARM.Collect$$libshutdown$$0000000F)
    .ARM.Collect$$libshutdown$$00000010      0x00000126   Section        2  libshutdown2.o(.ARM.Collect$$libshutdown$$00000010)
    .ARM.Collect$$rtentry$$00000000          0x00000128   Section        0  __rtentry.o(.ARM.Collect$$rtentry$$00000000)
    .ARM.Collect$$rtentry$$00000002          0x00000128   Section        0  __rtentry2.o(.ARM.Collect$$rtentry$$00000002)
    .ARM.Collect$$rtentry$$00000004          0x00000128   Section        6  __rtentry4.o(.ARM.Collect$$rtentry$$00000004)
    .ARM.Collect$$rtentry$$00000008          0x0000012e   Section        8  __rtentry2.o(.ARM.Collect$$rtentry$$00000008)
    .ARM.Collect$$rtentry$$0000000A          0x00000136   Section        4  __rtentry2.o(.ARM.Collect$$rtentry$$0000000A)
    .ARM.Collect$$rtentry$$0000000C          0x0000013a   Section        0  __rtentry2.o(.ARM.Collect$$rtentry$$0000000C)
    .ARM.Collect$$rtentry$$0000000D          0x0000013a   Section        8  __rtentry2.o(.ARM.Collect$$rtentry$$0000000D)
    .ARM.Collect$$rtexit$$00000000           0x00000142   Section        2  rtexit.o(.ARM.Collect$$rtexit$$00000000)
    .ARM.Collect$$rtexit$$00000002           0x00000144   Section        0  rtexit2.o(.ARM.Collect$$rtexit$$00000002)
    .ARM.Collect$$rtexit$$00000003           0x00000144   Section        4  rtexit2.o(.ARM.Collect$$rtexit$$00000003)
    .ARM.Collect$$rtexit$$00000004           0x00000148   Section        6  rtexit2.o(.ARM.Collect$$rtexit$$00000004)
    .emb_text                                0x00000150   Section       56  rt_memcpy.o(.emb_text)
    .text                                    0x00000188   Section       64  startup_mkl25z4.o(.text)
    .text                                    0x000001c8   Section      164  irq_cm0.o(.text)
    .text                                    0x0000026c   Section        0  rt_memcpy.o(.text)
    .text                                    0x000002ee   Section        0  rt_memclr.o(.text)
    .text                                    0x0000032e   Section        0  heapauxi.o(.text)
    .text                                    0x00000334   Section        0  dfixi.o(.text)
    .text                                    0x000003a0   Section        0  dfixui.o(.text)
    .text                                    0x000003e8   Section        0  exit.o(.text)
    .text                                    0x000003f8   Section        8  libspace.o(.text)
    .ARM.__at_0x400                          0x00000400   Section       16  startup_mkl25z4.o(.ARM.__at_0x400)
    .text                                    0x00000410   Section      346  aeabi_sdiv.o(.text)
    .text                                    0x0000056c   Section        0  ddiv.o(.text)
    .text                                    0x000009b4   Section        0  dflti.o(.text)
    .text                                    0x00000a0c   Section        0  dmul.o(.text)
    .text                                    0x00000c54   Section       62  sys_stackheap_outer.o(.text)
    .text                                    0x00000c94   Section        0  sys_exit.o(.text)
    .text                                    0x00000ca0   Section        2  use_no_semi.o(.text)
    .text                                    0x00000ca2   Section        0  __dczerorl2.o(.text)
    .text                                    0x00000ca2   Section        0  indicate_semi.o(.text)
    [Anonymous Symbol]                       0x00000cf8   Section        0  rtx_evflags.o(.text.EventFlagsCheck)
    EventFlagsCheck                          0x00000cf9   Thumb Code    82  rtx_evflags.o(.text.EventFlagsCheck)
    [Anonymous Symbol]                       0x00000d4a   Section        0  rtx_msgqueue.o(.text.MessageQueueGet)
    MessageQueueGet                          0x00000d4b   Thumb Code    76  rtx_msgqueue.o(.text.MessageQueueGet)
    [Anonymous Symbol]                       0x00000d96   Section        0  rtx_msgqueue.o(.text.MessageQueuePut)
    MessageQueuePut                          0x00000d97   Thumb Code    96  rtx_msgqueue.o(.text.MessageQueuePut)
    [Anonymous Symbol]                       0x00000df6   Section        0  rtx_msgqueue.o(.text.MessageQueueRemove)
    MessageQueueRemove                       0x00000df7   Thumb Code    40  rtx_msgqueue.o(.text.MessageQueueRemove)
    [Anonymous Symbol]                       0x00000e20   Section        0  os_systick.o(.text.OS_Tick_AcknowledgeIRQ)
    __arm_cp.3_0                             0x00000e28   Number         4  os_systick.o(.text.OS_Tick_AcknowledgeIRQ)
    [Anonymous Symbol]                       0x00000e2c   Section        0  os_systick.o(.text.OS_Tick_Enable)
    __arm_cp.1_0                             0x00000e4c   Number         4  os_systick.o(.text.OS_Tick_Enable)
    __arm_cp.1_1                             0x00000e50   Number         4  os_systick.o(.text.OS_Tick_Enable)
    __arm_cp.1_2                             0x00000e54   Number         4  os_systick.o(.text.OS_Tick_Enable)
    [Anonymous Symbol]                       0x00000e58   Section        0  os_systick.o(.text.OS_Tick_GetIRQn)
    [Anonymous Symbol]                       0x00000e60   Section        0  os_systick.o(.text.OS_Tick_Setup)
    __arm_cp.0_0                             0x00000e9c   Number         4  os_systick.o(.text.OS_Tick_Setup)
    __arm_cp.0_1                             0x00000ea0   Number         4  os_systick.o(.text.OS_Tick_Setup)
    __arm_cp.0_2                             0x00000ea4   Number         4  os_systick.o(.text.OS_Tick_Setup)
    __arm_cp.0_3                             0x00000ea8   Number         4  os_systick.o(.text.OS_Tick_Setup)
    [Anonymous Symbol]                       0x00000eac   Section        0  rtx_thread.o(.text.ThreadFlagsCheck)
    ThreadFlagsCheck                         0x00000ead   Thumb Code    82  rtx_thread.o(.text.ThreadFlagsCheck)
    [Anonymous Symbol]                       0x00000f00   Section        0  rtx_timer.o(.text.TimerInsert)
    TimerInsert                              0x00000f01   Thumb Code    76  rtx_timer.o(.text.TimerInsert)
    __arm_cp.8_0                             0x00000f48   Number         4  rtx_timer.o(.text.TimerInsert)
    [Anonymous Symbol]                       0x00000f4c   Section        0  rtx_delay.o(.text.osDelay)
    __arm_cp.0_0                             0x00000f70   Number         4  rtx_delay.o(.text.osDelay)
    [Anonymous Symbol]                       0x00000f74   Section        0  rtx_evflags.o(.text.osEventFlagsNew)
    __arm_cp.0_0                             0x00000f94   Number         4  rtx_evflags.o(.text.osEventFlagsNew)
    [Anonymous Symbol]                       0x00000f98   Section        0  rtx_evflags.o(.text.osEventFlagsSet)
    __arm_cp.2_0                             0x00000fec   Number         4  rtx_evflags.o(.text.osEventFlagsSet)
    [Anonymous Symbol]                       0x00000ff0   Section        0  rtx_evflags.o(.text.osEventFlagsWait)
    __arm_cp.7_0                             0x0000103c   Number         4  rtx_evflags.o(.text.osEventFlagsWait)
    [Anonymous Symbol]                       0x00001040   Section        0  rtx_kernel.o(.text.osKernelGetState)
    __arm_cp.3_0                             0x00001068   Number         4  rtx_kernel.o(.text.osKernelGetState)
    __arm_cp.3_1                             0x0000106c   Number         4  rtx_kernel.o(.text.osKernelGetState)
    [Anonymous Symbol]                       0x00001070   Section        0  rtx_kernel.o(.text.osKernelInitialize)
    __arm_cp.0_0                             0x00001090   Number         4  rtx_kernel.o(.text.osKernelInitialize)
    [Anonymous Symbol]                       0x00001094   Section        0  rtx_kernel.o(.text.osKernelStart)
    __arm_cp.5_0                             0x000010b4   Number         4  rtx_kernel.o(.text.osKernelStart)
    [Anonymous Symbol]                       0x000010b8   Section        0  rtx_msgqueue.o(.text.osMessageQueueGet)
    __arm_cp.3_0                             0x0000112c   Number         4  rtx_msgqueue.o(.text.osMessageQueueGet)
    [Anonymous Symbol]                       0x00001130   Section        0  rtx_msgqueue.o(.text.osMessageQueueNew)
    __arm_cp.0_0                             0x00001150   Number         4  rtx_msgqueue.o(.text.osMessageQueueNew)
    [Anonymous Symbol]                       0x00001154   Section        0  rtx_msgqueue.o(.text.osMessageQueuePut)
    __arm_cp.2_0                             0x000011d0   Number         4  rtx_msgqueue.o(.text.osMessageQueuePut)
    [Anonymous Symbol]                       0x000011d4   Section        0  rtx_mutex.o(.text.osMutexAcquire)
    __arm_cp.3_0                             0x000011f8   Number         4  rtx_mutex.o(.text.osMutexAcquire)
    [Anonymous Symbol]                       0x000011fc   Section        0  rtx_mutex.o(.text.osMutexDelete)
    __arm_cp.6_0                             0x00001220   Number         4  rtx_mutex.o(.text.osMutexDelete)
    [Anonymous Symbol]                       0x00001224   Section        0  rtx_mutex.o(.text.osMutexNew)
    __arm_cp.1_0                             0x00001244   Number         4  rtx_mutex.o(.text.osMutexNew)
    [Anonymous Symbol]                       0x00001248   Section        0  rtx_mutex.o(.text.osMutexRelease)
    __arm_cp.4_0                             0x0000126c   Number         4  rtx_mutex.o(.text.osMutexRelease)
    [Anonymous Symbol]                       0x00001270   Section        0  rtx_evflags.o(.text.osRtxEventFlagsPostProcess)
    osRtxEventFlagsPostProcess               0x00001271   Thumb Code    58  rtx_evflags.o(.text.osRtxEventFlagsPostProcess)
    [Anonymous Symbol]                       0x000012aa   Section        0  rtx_memory.o(.text.osRtxMemoryAlloc)
    [Anonymous Symbol]                       0x00001326   Section        0  rtx_memory.o(.text.osRtxMemoryFree)
    [Anonymous Symbol]                       0x00001374   Section        0  rtx_memory.o(.text.osRtxMemoryInit)
    [Anonymous Symbol]                       0x000013ae   Section        0  rtx_mempool.o(.text.osRtxMemoryPoolAlloc)
    [Anonymous Symbol]                       0x000013e6   Section        0  rtx_mempool.o(.text.osRtxMemoryPoolFree)
    [Anonymous Symbol]                       0x00001426   Section        0  rtx_mempool.o(.text.osRtxMemoryPoolInit)
    [Anonymous Symbol]                       0x0000146a   Section        0  rtx_msgqueue.o(.text.osRtxMessageQueuePostProcess)
    osRtxMessageQueuePostProcess             0x0000146b   Thumb Code   222  rtx_msgqueue.o(.text.osRtxMessageQueuePostProcess)
    [Anonymous Symbol]                       0x00001548   Section        0  rtx_mutex.o(.text.osRtxMutexOwnerRelease)
    [Anonymous Symbol]                       0x00001588   Section        0  rtx_system.o(.text.osRtxPendSV_Handler)
    __arm_cp.1_0                             0x0000160c   Number         4  rtx_system.o(.text.osRtxPendSV_Handler)
    [Anonymous Symbol]                       0x00001610   Section        0  rtx_system.o(.text.osRtxPostProcess)
    __arm_cp.2_0                             0x00001674   Number         4  rtx_system.o(.text.osRtxPostProcess)
    __arm_cp.2_1                             0x00001678   Number         4  rtx_system.o(.text.osRtxPostProcess)
    [Anonymous Symbol]                       0x0000167c   Section        0  rtx_thread.o(.text.osRtxThreadBlock)
    osRtxThreadBlock                         0x0000167d   Thumb Code    60  rtx_thread.o(.text.osRtxThreadBlock)
    __arm_cp.10_0                            0x000016b4   Number         4  rtx_thread.o(.text.osRtxThreadBlock)
    [Anonymous Symbol]                       0x000016b8   Section        0  rtx_thread.o(.text.osRtxThreadDelayInsert)
    osRtxThreadDelayInsert                   0x000016b9   Thumb Code   140  rtx_thread.o(.text.osRtxThreadDelayInsert)
    __arm_cp.14_0                            0x00001740   Number         4  rtx_thread.o(.text.osRtxThreadDelayInsert)
    [Anonymous Symbol]                       0x00001744   Section        0  rtx_thread.o(.text.osRtxThreadDelayRemove)
    osRtxThreadDelayRemove                   0x00001745   Thumb Code    96  rtx_thread.o(.text.osRtxThreadDelayRemove)
    __arm_cp.12_0                            0x000017a0   Number         4  rtx_thread.o(.text.osRtxThreadDelayRemove)
    [Anonymous Symbol]                       0x000017a4   Section        0  rtx_thread.o(.text.osRtxThreadDelayTick)
    __arm_cp.5_0                             0x000017dc   Number         4  rtx_thread.o(.text.osRtxThreadDelayTick)
    [Anonymous Symbol]                       0x000017e0   Section        0  rtx_thread.o(.text.osRtxThreadDispatch)
    __arm_cp.9_0                             0x00001834   Number         4  rtx_thread.o(.text.osRtxThreadDispatch)
    [Anonymous Symbol]                       0x00001838   Section        0  rtx_thread.o(.text.osRtxThreadFree)
    osRtxThreadFree                          0x00001839   Thumb Code    84  rtx_thread.o(.text.osRtxThreadFree)
    __arm_cp.52_0                            0x00001888   Number         4  rtx_thread.o(.text.osRtxThreadFree)
    [Anonymous Symbol]                       0x0000188c   Section        0  rtx_thread.o(.text.osRtxThreadListGet)
    [Anonymous Symbol]                       0x000018a4   Section        0  rtx_thread.o(.text.osRtxThreadListPut)
    [Anonymous Symbol]                       0x000018de   Section        0  rtx_thread.o(.text.osRtxThreadListRemove)
    [Anonymous Symbol]                       0x000018f6   Section        0  rtx_thread.o(.text.osRtxThreadListSort)
    [Anonymous Symbol]                       0x0000191c   Section        0  rtx_thread.o(.text.osRtxThreadPostProcess)
    osRtxThreadPostProcess                   0x0000191d   Thumb Code    38  rtx_thread.o(.text.osRtxThreadPostProcess)
    [Anonymous Symbol]                       0x00001944   Section        0  rtx_thread.o(.text.osRtxThreadReadyPut)
    __arm_cp.4_0                             0x00001958   Number         4  rtx_thread.o(.text.osRtxThreadReadyPut)
    [Anonymous Symbol]                       0x0000195c   Section        0  rtx_thread.o(.text.osRtxThreadRegPtr)
    [Anonymous Symbol]                       0x00001964   Section        0  rtx_thread.o(.text.osRtxThreadStackCheck)
    __arm_cp.8_0                             0x00001988   Number         4  rtx_thread.o(.text.osRtxThreadStackCheck)
    __arm_cp.8_1                             0x0000198c   Number         4  rtx_thread.o(.text.osRtxThreadStackCheck)
    [Anonymous Symbol]                       0x00001990   Section        0  rtx_thread.o(.text.osRtxThreadStartup)
    __arm_cp.15_0                            0x000019dc   Number         4  rtx_thread.o(.text.osRtxThreadStartup)
    __arm_cp.15_1                            0x000019e0   Number         4  rtx_thread.o(.text.osRtxThreadStartup)
    __arm_cp.15_2                            0x000019e4   Number         4  rtx_thread.o(.text.osRtxThreadStartup)
    __arm_cp.15_3                            0x000019e8   Number         4  rtx_thread.o(.text.osRtxThreadStartup)
    [Anonymous Symbol]                       0x000019ec   Section        0  rtx_thread.o(.text.osRtxThreadSwitch)
    __arm_cp.7_0                             0x000019fc   Number         4  rtx_thread.o(.text.osRtxThreadSwitch)
    [Anonymous Symbol]                       0x00001a00   Section        0  rtx_thread.o(.text.osRtxThreadWaitEnter)
    __arm_cp.13_0                            0x00001a34   Number         4  rtx_thread.o(.text.osRtxThreadWaitEnter)
    [Anonymous Symbol]                       0x00001a38   Section        0  rtx_thread.o(.text.osRtxThreadWaitExit)
    [Anonymous Symbol]                       0x00001a5c   Section        0  rtx_system.o(.text.osRtxTick_Handler)
    __arm_cp.0_0                             0x00001acc   Number         4  rtx_system.o(.text.osRtxTick_Handler)
    [Anonymous Symbol]                       0x00001ad0   Section        0  rtx_timer.o(.text.osRtxTimerThread)
    __arm_cp.0_0                             0x00001b04   Number         4  rtx_timer.o(.text.osRtxTimerThread)
    __arm_cp.0_1                             0x00001b08   Number         4  rtx_timer.o(.text.osRtxTimerThread)
    __arm_cp.0_2                             0x00001b0c   Number         4  rtx_timer.o(.text.osRtxTimerThread)
    [Anonymous Symbol]                       0x00001b10   Section        0  rtx_timer.o(.text.osRtxTimerTick)
    osRtxTimerTick                           0x00001b11   Thumb Code    96  rtx_timer.o(.text.osRtxTimerTick)
    __arm_cp.1_0                             0x00001b6c   Number         4  rtx_timer.o(.text.osRtxTimerTick)
    [Anonymous Symbol]                       0x00001b70   Section        0  rtx_thread.o(.text.osThreadExit)
    __arm_cp.30_0                            0x00001b78   Number         4  rtx_thread.o(.text.osThreadExit)
    [Anonymous Symbol]                       0x00001b7c   Section        0  rtx_thread.o(.text.osThreadNew)
    __arm_cp.17_0                            0x00001b9c   Number         4  rtx_thread.o(.text.osThreadNew)
    [Anonymous Symbol]                       0x00001ba0   Section        0  rtx_delay.o(.text.svcRtxDelay)
    svcRtxDelay                              0x00001ba1   Thumb Code    18  rtx_delay.o(.text.svcRtxDelay)
    [Anonymous Symbol]                       0x00001bb4   Section        0  rtx_evflags.o(.text.svcRtxEventFlagsNew)
    svcRtxEventFlagsNew                      0x00001bb5   Thumb Code   116  rtx_evflags.o(.text.svcRtxEventFlagsNew)
    __arm_cp.9_0                             0x00001c20   Number         4  rtx_evflags.o(.text.svcRtxEventFlagsNew)
    __arm_cp.9_1                             0x00001c24   Number         4  rtx_evflags.o(.text.svcRtxEventFlagsNew)
    [Anonymous Symbol]                       0x00001c28   Section        0  rtx_evflags.o(.text.svcRtxEventFlagsSet)
    svcRtxEventFlagsSet                      0x00001c29   Thumb Code   144  rtx_evflags.o(.text.svcRtxEventFlagsSet)
    [Anonymous Symbol]                       0x00001cb8   Section        0  rtx_evflags.o(.text.svcRtxEventFlagsWait)
    svcRtxEventFlagsWait                     0x00001cb9   Thumb Code   120  rtx_evflags.o(.text.svcRtxEventFlagsWait)
    __arm_cp.14_0                            0x00001d2c   Number         4  rtx_evflags.o(.text.svcRtxEventFlagsWait)
    [Anonymous Symbol]                       0x00001d30   Section        0  rtx_kernel.o(.text.svcRtxKernelGetState)
    svcRtxKernelGetState                     0x00001d31   Thumb Code    12  rtx_kernel.o(.text.svcRtxKernelGetState)
    __arm_cp.4_0                             0x00001d38   Number         4  rtx_kernel.o(.text.svcRtxKernelGetState)
    [Anonymous Symbol]                       0x00001d3c   Section        0  rtx_kernel.o(.text.svcRtxKernelInitialize)
    svcRtxKernelInitialize                   0x00001d3d   Thumb Code   380  rtx_kernel.o(.text.svcRtxKernelInitialize)
    __arm_cp.19_0                            0x00001eac   Number         4  rtx_kernel.o(.text.svcRtxKernelInitialize)
    __arm_cp.19_1                            0x00001eb0   Number         4  rtx_kernel.o(.text.svcRtxKernelInitialize)
    __arm_cp.19_2                            0x00001eb4   Number         4  rtx_kernel.o(.text.svcRtxKernelInitialize)
    [Anonymous Symbol]                       0x00001eb8   Section        0  rtx_kernel.o(.text.svcRtxKernelStart)
    svcRtxKernelStart                        0x00001eb9   Thumb Code   136  rtx_kernel.o(.text.svcRtxKernelStart)
    __arm_cp.20_0                            0x00001f30   Number         4  rtx_kernel.o(.text.svcRtxKernelStart)
    __arm_cp.20_1                            0x00001f34   Number         4  rtx_kernel.o(.text.svcRtxKernelStart)
    __arm_cp.20_2                            0x00001f38   Number         4  rtx_kernel.o(.text.svcRtxKernelStart)
    __arm_cp.20_3                            0x00001f3c   Number         4  rtx_kernel.o(.text.svcRtxKernelStart)
    [Anonymous Symbol]                       0x00001f40   Section        0  rtx_msgqueue.o(.text.svcRtxMessageQueueGet)
    svcRtxMessageQueueGet                    0x00001f41   Thumb Code   240  rtx_msgqueue.o(.text.svcRtxMessageQueueGet)
    __arm_cp.21_0                            0x0000202c   Number         4  rtx_msgqueue.o(.text.svcRtxMessageQueueGet)
    [Anonymous Symbol]                       0x00002030   Section        0  rtx_msgqueue.o(.text.svcRtxMessageQueueNew)
    svcRtxMessageQueueNew                    0x00002031   Thumb Code   468  rtx_msgqueue.o(.text.svcRtxMessageQueueNew)
    __arm_cp.14_0                            0x000021ec   Number         4  rtx_msgqueue.o(.text.svcRtxMessageQueueNew)
    __arm_cp.14_1                            0x000021f0   Number         4  rtx_msgqueue.o(.text.svcRtxMessageQueueNew)
    __arm_cp.14_2                            0x000021f4   Number         4  rtx_msgqueue.o(.text.svcRtxMessageQueueNew)
    __arm_cp.14_3                            0x000021f8   Number         4  rtx_msgqueue.o(.text.svcRtxMessageQueueNew)
    __arm_cp.14_4                            0x000021fc   Number         4  rtx_msgqueue.o(.text.svcRtxMessageQueueNew)
    __arm_cp.14_5                            0x00002200   Number         4  rtx_msgqueue.o(.text.svcRtxMessageQueueNew)
    [Anonymous Symbol]                       0x00002204   Section        0  rtx_msgqueue.o(.text.svcRtxMessageQueuePut)
    svcRtxMessageQueuePut                    0x00002205   Thumb Code   208  rtx_msgqueue.o(.text.svcRtxMessageQueuePut)
    __arm_cp.19_0                            0x000022d0   Number         4  rtx_msgqueue.o(.text.svcRtxMessageQueuePut)
    [Anonymous Symbol]                       0x000022d4   Section        0  rtx_mutex.o(.text.svcRtxMutexAcquire)
    svcRtxMutexAcquire                       0x000022d5   Thumb Code   160  rtx_mutex.o(.text.svcRtxMutexAcquire)
    __arm_cp.9_0                             0x00002370   Number         4  rtx_mutex.o(.text.svcRtxMutexAcquire)
    [Anonymous Symbol]                       0x00002374   Section        0  rtx_mutex.o(.text.svcRtxMutexDelete)
    svcRtxMutexDelete                        0x00002375   Thumb Code   208  rtx_mutex.o(.text.svcRtxMutexDelete)
    __arm_cp.12_0                            0x00002440   Number         4  rtx_mutex.o(.text.svcRtxMutexDelete)
    [Anonymous Symbol]                       0x00002444   Section        0  rtx_mutex.o(.text.svcRtxMutexNew)
    svcRtxMutexNew                           0x00002445   Thumb Code   120  rtx_mutex.o(.text.svcRtxMutexNew)
    __arm_cp.7_0                             0x000024b8   Number         4  rtx_mutex.o(.text.svcRtxMutexNew)
    [Anonymous Symbol]                       0x000024bc   Section        0  rtx_mutex.o(.text.svcRtxMutexRelease)
    svcRtxMutexRelease                       0x000024bd   Thumb Code   192  rtx_mutex.o(.text.svcRtxMutexRelease)
    __arm_cp.10_0                            0x00002578   Number         4  rtx_mutex.o(.text.svcRtxMutexRelease)
    [Anonymous Symbol]                       0x0000257c   Section        0  rtx_thread.o(.text.svcRtxThreadExit)
    svcRtxThreadExit                         0x0000257d   Thumb Code   108  rtx_thread.o(.text.svcRtxThreadExit)
    __arm_cp.54_0                            0x000025e4   Number         4  rtx_thread.o(.text.svcRtxThreadExit)
    [Anonymous Symbol]                       0x000025e8   Section        0  rtx_thread.o(.text.svcRtxThreadNew)
    svcRtxThreadNew                          0x000025e9   Thumb Code   512  rtx_thread.o(.text.svcRtxThreadNew)
    __arm_cp.16_0                            0x000027d0   Number         4  rtx_thread.o(.text.svcRtxThreadNew)
    __arm_cp.16_1                            0x000027d4   Number         4  rtx_thread.o(.text.svcRtxThreadNew)
    __arm_cp.16_2                            0x000027d8   Number         4  rtx_thread.o(.text.svcRtxThreadNew)
    __arm_cp.16_3                            0x000027dc   Number         4  rtx_thread.o(.text.svcRtxThreadNew)
    __arm_cp.16_4                            0x000027e0   Number         4  rtx_thread.o(.text.svcRtxThreadNew)
    __arm_cp.16_5                            0x000027e4   Number         4  rtx_thread.o(.text.svcRtxThreadNew)
    i.PIT_IRQHandler                         0x000027e8   Section        0  main.o(i.PIT_IRQHandler)
    i.SystemCoreClockUpdate                  0x00002824   Section        0  system_mkl25z4.o(i.SystemCoreClockUpdate)
    i.SystemInit                             0x000029b4   Section        0  system_mkl25z4.o(i.SystemInit)
    i.TPM1_IRQHandler                        0x000029c0   Section        0  main.o(i.TPM1_IRQHandler)
    i.__ARM_common_switch8                   0x00002a34   Section        0  rtx_config.o(i.__ARM_common_switch8)
    i.__NVIC_ClearPendingIRQ                 0x00002a50   Section        0  main.o(i.__NVIC_ClearPendingIRQ)
    __NVIC_ClearPendingIRQ                   0x00002a51   Thumb Code    18  main.o(i.__NVIC_ClearPendingIRQ)
    i.__NVIC_SetPriority                     0x00002a68   Section        0  pit.o(i.__NVIC_SetPriority)
    __NVIC_SetPriority                       0x00002a69   Thumb Code   110  pit.o(i.__NVIC_SetPriority)
    i.__NVIC_SetPriority                     0x00002ae0   Section        0  tpm_pwm.o(i.__NVIC_SetPriority)
    __NVIC_SetPriority                       0x00002ae1   Thumb Code   110  tpm_pwm.o(i.__NVIC_SetPriority)
    i._mutex_acquire                         0x00002b58   Section        0  rtx_lib.o(i._mutex_acquire)
    __tagsym$$used                           0x00002b59   Number         0  rtx_lib.o(i._mutex_acquire)
    i._mutex_free                            0x00002b70   Section        0  rtx_lib.o(i._mutex_free)
    __tagsym$$used                           0x00002b71   Number         0  rtx_lib.o(i._mutex_free)
    i._mutex_initialize                      0x00002b7c   Section        0  rtx_lib.o(i._mutex_initialize)
    __tagsym$$used                           0x00002b7d   Number         0  rtx_lib.o(i._mutex_initialize)
    i._mutex_release                         0x00002ba0   Section        0  rtx_lib.o(i._mutex_release)
    __tagsym$$used                           0x00002ba1   Number         0  rtx_lib.o(i._mutex_release)
    i._platform_post_stackheap_init          0x00002bb4   Section        0  rtx_lib.o(i._platform_post_stackheap_init)
    i.backwardMotor                          0x00002bbc   Section        0  main.o(i.backwardMotor)
    i.blueLEDOnOff                           0x00002bdc   Section        0  gpio.o(i.blueLEDOnOff)
    i.button2Task                            0x00002bf4   Section        0  main.o(i.button2Task)
    i.buttonTask                             0x00002c54   Section        0  main.o(i.buttonTask)
    i.configureGPIOinput                     0x00002d04   Section        0  gpio.o(i.configureGPIOinput)
    i.configureGPIOoutput                    0x00002d70   Section        0  gpio.o(i.configureGPIOoutput)
    i.configurePIT                           0x00002e9c   Section        0  pit.o(i.configurePIT)
    i.configureTPM0forPWM                    0x00002f20   Section        0  tpm_pwm.o(i.configureTPM0forPWM)
    i.configureTPM1forCapture                0x00002fc0   Section        0  tpm_pwm.o(i.configureTPM1forCapture)
    i.configureTPMClock                      0x000030c8   Section        0  tpm_pwm.o(i.configureTPMClock)
    i.directionLEDOnOff                      0x000030dc   Section        0  gpio.o(i.directionLEDOnOff)
    i.forwardMotor                           0x000030f4   Section        0  main.o(i.forwardMotor)
    i.freqTask                               0x00003114   Section        0  main.o(i.freqTask)
    i.greenLEDOnOff                          0x00003244   Section        0  gpio.o(i.greenLEDOnOff)
    i.isPressed                              0x00003260   Section        0  gpio.o(i.isPressed)
    i.isPressed2                             0x00003278   Section        0  gpio.o(i.isPressed2)
    i.isPressed3                             0x00003290   Section        0  gpio.o(i.isPressed3)
    i.main                                   0x000032a8   Section        0  main.o(i.main)
    i.osRtxErrorNotify                       0x00003350   Section        0  rtx_config.o(i.osRtxErrorNotify)
    i.osRtxIdleThread                        0x00003370   Section        0  rtx_config.o(i.osRtxIdleThread)
    i.os_kernel_is_active                    0x00003374   Section        0  rtx_lib.o(i.os_kernel_is_active)
    os_kernel_is_active                      0x00003375   Thumb Code    30  rtx_lib.o(i.os_kernel_is_active)
    i.redLEDOnOff                            0x00003398   Section        0  gpio.o(i.redLEDOnOff)
    i.setPWMDuty                             0x000033b8   Section        0  tpm_pwm.o(i.setPWMDuty)
    i.setTimer                               0x000033d0   Section        0  pit.o(i.setTimer)
    i.startTimer                             0x000033dc   Section        0  pit.o(i.startTimer)
    i.switchDirectionTask                    0x000033f8   Section        0  main.o(i.switchDirectionTask)
    i.updateInterval                         0x00003428   Section        0  main.o(i.updateInterval)
    .constdata                               0x0000351c   Section      100  rtx_lib.o(.constdata)
    x$fpl$usenofp                            0x0000351c   Section        0  usenofp.o(x$fpl$usenofp)
    os_idle_thread_attr                      0x0000351c   Data          36  rtx_lib.o(.constdata)
    os_timer_thread_attr                     0x00003540   Data          36  rtx_lib.o(.constdata)
    os_timer_mq_attr                         0x00003564   Data          24  rtx_lib.o(.constdata)
    .constdata                               0x00003580   Section        1  irq_cm0.o(.constdata)
    .constdata                               0x00003581   Section      128  ddiv.o(.constdata)
    ddiv_reciptbl                            0x00003581   Data         128  ddiv.o(.constdata)
    .rodata                                  0x00003604   Section      104  rtx_lib.o(.rodata)
    __tagsym$$used                           0x00003604   Number         0  rtx_lib.o(.rodata)
    [Anonymous Symbol]                       0x0000366c   Section        0  rtx_kernel.o(.rodata.str1.4)
    .L.str                                   0x0000366c   Data          11  rtx_kernel.o(.rodata.str1.4)
    .bss.os                                  0x1ffff000   Section     4160  rtx_lib.o(.bss.os)
    os_mem                                   0x1ffff000   Data        4096  rtx_lib.o(.bss.os)
    os_isr_queue                             0x20000000   Data          64  rtx_lib.o(.bss.os)
    .bss.os.msgqueue.cb                      0x20000040   Section       52  rtx_lib.o(.bss.os.msgqueue.cb)
    os_timer_mq_cb                           0x20000040   Data          52  rtx_lib.o(.bss.os.msgqueue.cb)
    .bss.os.msgqueue.mem                     0x20000074   Section       80  rtx_lib.o(.bss.os.msgqueue.mem)
    os_timer_mq_data                         0x20000074   Data          80  rtx_lib.o(.bss.os.msgqueue.mem)
    .bss.os.thread.cb                        0x200000c4   Section      136  rtx_lib.o(.bss.os.thread.cb)
    os_idle_thread_cb                        0x200000c4   Data          68  rtx_lib.o(.bss.os.thread.cb)
    os_timer_thread_cb                       0x20000108   Data          68  rtx_lib.o(.bss.os.thread.cb)
    .bss.os.thread.stack                     0x20000150   Section      512  rtx_lib.o(.bss.os.thread.stack)
    os_idle_thread_stack                     0x20000150   Data         256  rtx_lib.o(.bss.os.thread.stack)
    os_timer_thread_stack                    0x20000250   Data         256  rtx_lib.o(.bss.os.thread.stack)
    .data                                    0x20000350   Section      104  main.o(.data)
    .data                                    0x200003b8   Section        5  rtx_lib.o(.data)
    os_kernel_active                         0x200003bc   Data           1  rtx_lib.o(.data)
    .data                                    0x200003c0   Section        4  system_mkl25z4.o(.data)
    .bss                                     0x20000468   Section       32  main.o(.bss)
    .bss                                     0x20000488   Section       96  libspace.o(.bss)
    [Anonymous Symbol]                       0x200004e8   Section        0  os_systick.o(.bss.PendST)
    PendST                                   0x200004e8   Data           1  os_systick.o(.bss.PendST)
    HEAP                                     0x200004f0   Section        0  startup_mkl25z4.o(HEAP)
    STACK                                    0x200004f0   Section      256  startup_mkl25z4.o(STACK)
    Heap_Mem                                 0x200004f0   Data           0  startup_mkl25z4.o(HEAP)
    Stack_Mem                                0x200004f0   Data         256  startup_mkl25z4.o(STACK)
    __initial_sp                             0x200005f0   Data           0  startup_mkl25z4.o(STACK)

    Global Symbols

    Symbol Name                              Value     Ov Type        Size  Object(Section)

    BuildAttributes$$THM_ISAv3M$S$PE$A:L22$X:L11$S22$IEEE1$IW$~IW$USESV6$~STKCKD$USESV7$~SHL$OSPACE$ROPI$EBA8$UX$STANDARDLIB$REQ8$PRES8$EABIv2 0x00000000   Number         0  anon$$obj.o ABSOLUTE
    __ARM_use_no_argv                        0x00000000   Number         0  main.o ABSOLUTE
    __Vectors                                0x00000000   Data           4  startup_mkl25z4.o(RESET)
    .bss.os.evflags.cb$$Base                  - Undefined Weak Reference
    .bss.os.evflags.cb$$Limit                 - Undefined Weak Reference
    .bss.os.mempool.cb$$Base                  - Undefined Weak Reference
    .bss.os.mempool.cb$$Limit                 - Undefined Weak Reference
    .bss.os.mutex.cb$$Base                    - Undefined Weak Reference
    .bss.os.mutex.cb$$Limit                   - Undefined Weak Reference
    .bss.os.semaphore.cb$$Base                - Undefined Weak Reference
    .bss.os.semaphore.cb$$Limit               - Undefined Weak Reference
    .bss.os.timer.cb$$Base                    - Undefined Weak Reference
    .bss.os.timer.cb$$Limit                   - Undefined Weak Reference
    __ARM_exceptions_init                     - Undefined Weak Reference
    __alloca_initialize                       - Undefined Weak Reference
    __arm_preinit_                            - Undefined Weak Reference
    __cpp_initialize__aeabi_                  - Undefined Weak Reference
    __cxa_finalize                            - Undefined Weak Reference
    __rt_locale                               - Undefined Weak Reference
    __sigvec_lookup                           - Undefined Weak Reference
    _atexit_init                              - Undefined Weak Reference
    _call_atexit_fns                          - Undefined Weak Reference
    _clock_init                               - Undefined Weak Reference
    _fp_trap_init                             - Undefined Weak Reference
    _fp_trap_shutdown                         - Undefined Weak Reference
    _get_lc_collate                           - Undefined Weak Reference
    _get_lc_ctype                             - Undefined Weak Reference
    _get_lc_monetary                          - Undefined Weak Reference
    _get_lc_numeric                           - Undefined Weak Reference
    _get_lc_time                              - Undefined Weak Reference
    _getenv_init                              - Undefined Weak Reference
    _handle_redirection                       - Undefined Weak Reference
    _init_alloc                               - Undefined Weak Reference
    _init_user_alloc                          - Undefined Weak Reference
    _initio                                   - Undefined Weak Reference
    _rand_init                                - Undefined Weak Reference
    _signal_finish                            - Undefined Weak Reference
    _signal_init                              - Undefined Weak Reference
    _terminate_alloc                          - Undefined Weak Reference
    _terminate_user_alloc                     - Undefined Weak Reference
    _terminateio                              - Undefined Weak Reference
    __Vectors_End                            0x000000c0   Data           0  startup_mkl25z4.o(RESET)
    __Vectors_Size                           0x000000c0   Number         0  startup_mkl25z4.o ABSOLUTE
    __main                                   0x000000c1   Thumb Code     8  __main.o(!!!main)
    __scatterload                            0x000000c9   Thumb Code     0  __scatter.o(!!!scatter)
    __scatterload_rt2                        0x000000c9   Thumb Code    52  __scatter.o(!!!scatter)
    __scatterload_rt2_thumb_only             0x000000c9   Thumb Code     0  __scatter.o(!!!scatter)
    __scatterload_null                       0x000000d9   Thumb Code     0  __scatter.o(!!!scatter)
    __scatterload_zeroinit                   0x00000105   Thumb Code    28  __scatter_zi.o(!!handler_zi)
    __rt_lib_init                            0x00000121   Thumb Code     0  libinit.o(.ARM.Collect$$libinit$$00000000)
    __rt_lib_init_alloca_1                   0x00000123   Thumb Code     0  libinit2.o(.ARM.Collect$$libinit$$0000002E)
    __rt_lib_init_argv_1                     0x00000123   Thumb Code     0  libinit2.o(.ARM.Collect$$libinit$$0000002C)
    __rt_lib_init_atexit_1                   0x00000123   Thumb Code     0  libinit2.o(.ARM.Collect$$libinit$$0000001B)
    __rt_lib_init_clock_1                    0x00000123   Thumb Code     0  libinit2.o(.ARM.Collect$$libinit$$00000021)
    __rt_lib_init_cpp_1                      0x00000123   Thumb Code     0  libinit2.o(.ARM.Collect$$libinit$$00000032)
    __rt_lib_init_exceptions_1               0x00000123   Thumb Code     0  libinit2.o(.ARM.Collect$$libinit$$00000030)
    __rt_lib_init_fp_1                       0x00000123   Thumb Code     0  libinit2.o(.ARM.Collect$$libinit$$00000002)
    __rt_lib_init_fp_trap_1                  0x00000123   Thumb Code     0  libinit2.o(.ARM.Collect$$libinit$$0000001F)
    __rt_lib_init_getenv_1                   0x00000123   Thumb Code     0  libinit2.o(.ARM.Collect$$libinit$$00000023)
    __rt_lib_init_heap_1                     0x00000123   Thumb Code     0  libinit2.o(.ARM.Collect$$libinit$$0000000A)
    __rt_lib_init_lc_collate_1               0x00000123   Thumb Code     0  libinit2.o(.ARM.Collect$$libinit$$00000011)
    __rt_lib_init_lc_ctype_1                 0x00000123   Thumb Code     0  libinit2.o(.ARM.Collect$$libinit$$00000013)
    __rt_lib_init_lc_monetary_1              0x00000123   Thumb Code     0  libinit2.o(.ARM.Collect$$libinit$$00000015)
    __rt_lib_init_lc_numeric_1               0x00000123   Thumb Code     0  libinit2.o(.ARM.Collect$$libinit$$00000017)
    __rt_lib_init_lc_time_1                  0x00000123   Thumb Code     0  libinit2.o(.ARM.Collect$$libinit$$00000019)
    __rt_lib_init_preinit_1                  0x00000123   Thumb Code     0  libinit2.o(.ARM.Collect$$libinit$$00000004)
    __rt_lib_init_rand_1                     0x00000123   Thumb Code     0  libinit2.o(.ARM.Collect$$libinit$$0000000E)
    __rt_lib_init_return                     0x00000123   Thumb Code     0  libinit2.o(.ARM.Collect$$libinit$$00000033)
    __rt_lib_init_signal_1                   0x00000123   Thumb Code     0  libinit2.o(.ARM.Collect$$libinit$$0000001D)
    __rt_lib_init_stdio_1                    0x00000123   Thumb Code     0  libinit2.o(.ARM.Collect$$libinit$$00000025)
    __rt_lib_init_user_alloc_1               0x00000123   Thumb Code     0  libinit2.o(.ARM.Collect$$libinit$$0000000C)
    __rt_lib_shutdown                        0x00000125   Thumb Code     0  libshutdown.o(.ARM.Collect$$libshutdown$$00000000)
    __rt_lib_shutdown_cpp_1                  0x00000127   Thumb Code     0  libshutdown2.o(.ARM.Collect$$libshutdown$$00000002)
    __rt_lib_shutdown_fp_trap_1              0x00000127   Thumb Code     0  libshutdown2.o(.ARM.Collect$$libshutdown$$00000007)
    __rt_lib_shutdown_heap_1                 0x00000127   Thumb Code     0  libshutdown2.o(.ARM.Collect$$libshutdown$$0000000F)
    __rt_lib_shutdown_return                 0x00000127   Thumb Code     0  libshutdown2.o(.ARM.Collect$$libshutdown$$00000010)
    __rt_lib_shutdown_signal_1               0x00000127   Thumb Code     0  libshutdown2.o(.ARM.Collect$$libshutdown$$0000000A)
    __rt_lib_shutdown_stdio_1                0x00000127   Thumb Code     0  libshutdown2.o(.ARM.Collect$$libshutdown$$00000004)
    __rt_lib_shutdown_user_alloc_1           0x00000127   Thumb Code     0  libshutdown2.o(.ARM.Collect$$libshutdown$$0000000C)
    __rt_entry                               0x00000129   Thumb Code     0  __rtentry.o(.ARM.Collect$$rtentry$$00000000)
    __rt_entry_presh_1                       0x00000129   Thumb Code     0  __rtentry2.o(.ARM.Collect$$rtentry$$00000002)
    __rt_entry_sh                            0x00000129   Thumb Code     0  __rtentry4.o(.ARM.Collect$$rtentry$$00000004)
    __rt_entry_postsh_1                      0x0000012f   Thumb Code     0  __rtentry2.o(.ARM.Collect$$rtentry$$00000008)
    __rt_entry_li                            0x00000137   Thumb Code     0  __rtentry2.o(.ARM.Collect$$rtentry$$0000000A)
    __rt_entry_main                          0x0000013b   Thumb Code     0  __rtentry2.o(.ARM.Collect$$rtentry$$0000000D)
    __rt_entry_postli_1                      0x0000013b   Thumb Code     0  __rtentry2.o(.ARM.Collect$$rtentry$$0000000C)
    __rt_exit                                0x00000143   Thumb Code     0  rtexit.o(.ARM.Collect$$rtexit$$00000000)
    __rt_exit_ls                             0x00000145   Thumb Code     0  rtexit2.o(.ARM.Collect$$rtexit$$00000003)
    __rt_exit_prels_1                        0x00000145   Thumb Code     0  rtexit2.o(.ARM.Collect$$rtexit$$00000002)
    __rt_exit_exit                           0x00000149   Thumb Code     0  rtexit2.o(.ARM.Collect$$rtexit$$00000004)
    __aeabi_memcpy4                          0x00000151   Thumb Code    56  rt_memcpy.o(.emb_text)
    __aeabi_memcpy8                          0x00000151   Thumb Code     0  rt_memcpy.o(.emb_text)
    Reset_Handler                            0x00000189   Thumb Code    12  startup_mkl25z4.o(.text)
    NMI_Handler                              0x00000195   Thumb Code     2  startup_mkl25z4.o(.text)
    HardFault_Handler                        0x00000197   Thumb Code     2  startup_mkl25z4.o(.text)
    ADC0_IRQHandler                          0x0000019f   Thumb Code     0  startup_mkl25z4.o(.text)
    CMP0_IRQHandler                          0x0000019f   Thumb Code     0  startup_mkl25z4.o(.text)
    DAC0_IRQHandler                          0x0000019f   Thumb Code     0  startup_mkl25z4.o(.text)
    DMA0_IRQHandler                          0x0000019f   Thumb Code     0  startup_mkl25z4.o(.text)
    DMA1_IRQHandler                          0x0000019f   Thumb Code     0  startup_mkl25z4.o(.text)
    DMA2_IRQHandler                          0x0000019f   Thumb Code     0  startup_mkl25z4.o(.text)
    DMA3_IRQHandler                          0x0000019f   Thumb Code     0  startup_mkl25z4.o(.text)
    DefaultISR                               0x0000019f   Thumb Code     0  startup_mkl25z4.o(.text)
    FTFA_IRQHandler                          0x0000019f   Thumb Code     0  startup_mkl25z4.o(.text)
    I2C0_IRQHandler                          0x0000019f   Thumb Code     0  startup_mkl25z4.o(.text)
    I2C1_IRQHandler                          0x0000019f   Thumb Code     0  startup_mkl25z4.o(.text)
    LLWU_IRQHandler                          0x0000019f   Thumb Code     0  startup_mkl25z4.o(.text)
    LPTMR0_IRQHandler                        0x0000019f   Thumb Code     0  startup_mkl25z4.o(.text)
    LVD_LVW_IRQHandler                       0x0000019f   Thumb Code     0  startup_mkl25z4.o(.text)
    MCG_IRQHandler                           0x0000019f   Thumb Code     0  startup_mkl25z4.o(.text)
    PORTA_IRQHandler                         0x0000019f   Thumb Code     0  startup_mkl25z4.o(.text)
    PORTD_IRQHandler                         0x0000019f   Thumb Code     0  startup_mkl25z4.o(.text)
    RTC_IRQHandler                           0x0000019f   Thumb Code     0  startup_mkl25z4.o(.text)
    RTC_Seconds_IRQHandler                   0x0000019f   Thumb Code     0  startup_mkl25z4.o(.text)
    Reserved20_IRQHandler                    0x0000019f   Thumb Code     0  startup_mkl25z4.o(.text)
    Reserved39_IRQHandler                    0x0000019f   Thumb Code     0  startup_mkl25z4.o(.text)
    Reserved45_IRQHandler                    0x0000019f   Thumb Code     0  startup_mkl25z4.o(.text)
    SPI0_IRQHandler                          0x0000019f   Thumb Code     0  startup_mkl25z4.o(.text)
    SPI1_IRQHandler                          0x0000019f   Thumb Code     0  startup_mkl25z4.o(.text)
    TPM0_IRQHandler                          0x0000019f   Thumb Code     0  startup_mkl25z4.o(.text)
    TPM2_IRQHandler                          0x0000019f   Thumb Code     0  startup_mkl25z4.o(.text)
    TSI0_IRQHandler                          0x0000019f   Thumb Code     0  startup_mkl25z4.o(.text)
    UART0_IRQHandler                         0x0000019f   Thumb Code     0  startup_mkl25z4.o(.text)
    UART1_IRQHandler                         0x0000019f   Thumb Code     0  startup_mkl25z4.o(.text)
    UART2_IRQHandler                         0x0000019f   Thumb Code     0  startup_mkl25z4.o(.text)
    USB0_IRQHandler                          0x0000019f   Thumb Code     0  startup_mkl25z4.o(.text)
    __user_initial_stackheap                 0x000001a5   Thumb Code     0  startup_mkl25z4.o(.text)
    SVC_Handler                              0x000001c9   Thumb Code   132  irq_cm0.o(.text)
    PendSV_Handler                           0x0000024d   Thumb Code    12  irq_cm0.o(.text)
    SysTick_Handler                          0x00000259   Thumb Code    12  irq_cm0.o(.text)
    __aeabi_memcpy                           0x0000026d   Thumb Code   130  rt_memcpy.o(.text)
    __rt_memcpy                              0x0000026d   Thumb Code     0  rt_memcpy.o(.text)
    _memset_w                                0x000002ef   Thumb Code    26  rt_memclr.o(.text)
    _memset                                  0x00000309   Thumb Code    30  rt_memclr.o(.text)
    __aeabi_memclr                           0x00000327   Thumb Code     4  rt_memclr.o(.text)
    __rt_memclr                              0x00000327   Thumb Code     0  rt_memclr.o(.text)
    __aeabi_memclr4                          0x0000032b   Thumb Code     0  rt_memclr.o(.text)
    __aeabi_memclr8                          0x0000032b   Thumb Code     0  rt_memclr.o(.text)
    __rt_memclr_w                            0x0000032b   Thumb Code     4  rt_memclr.o(.text)
    __use_two_region_memory                  0x0000032f   Thumb Code     2  heapauxi.o(.text)
    __rt_heap_escrow$2region                 0x00000331   Thumb Code     2  heapauxi.o(.text)
    __rt_heap_expand$2region                 0x00000333   Thumb Code     2  heapauxi.o(.text)
    __aeabi_d2iz                             0x00000335   Thumb Code     0  dfixi.o(.text)
    _dfix                                    0x00000335   Thumb Code    98  dfixi.o(.text)
    __aeabi_d2uiz                            0x000003a1   Thumb Code     0  dfixui.o(.text)
    _dfixu                                   0x000003a1   Thumb Code    68  dfixui.o(.text)
    exit                                     0x000003e9   Thumb Code    16  exit.o(.text)
    __user_libspace                          0x000003f9   Thumb Code     8  libspace.o(.text)
    __user_perproc_libspace                  0x000003f9   Thumb Code     0  libspace.o(.text)
    __aeabi_uidiv                            0x00000411   Thumb Code     0  aeabi_sdiv.o(.text)
    __aeabi_uidivmod                         0x00000411   Thumb Code    20  aeabi_sdiv.o(.text)
    __aeabi_idiv                             0x00000425   Thumb Code     0  aeabi_sdiv.o(.text)
    __aeabi_idivmod                          0x00000425   Thumb Code   326  aeabi_sdiv.o(.text)
    __aeabi_ddiv                             0x0000056d   Thumb Code     0  ddiv.o(.text)
    _ddiv                                    0x0000056d   Thumb Code  1072  ddiv.o(.text)
    _drdiv                                   0x0000099d   Thumb Code    20  ddiv.o(.text)
    __aeabi_i2d_normalise                    0x000009b5   Thumb Code    66  dflti.o(.text)
    __aeabi_i2d                              0x000009f7   Thumb Code    16  dflti.o(.text)
    _dflt                                    0x000009f7   Thumb Code     0  dflti.o(.text)
    __aeabi_ui2d                             0x00000a07   Thumb Code     6  dflti.o(.text)
    _dfltu                                   0x00000a07   Thumb Code     0  dflti.o(.text)
    __aeabi_dmul                             0x00000a0d   Thumb Code     0  dmul.o(.text)
    _dmul                                    0x00000a0d   Thumb Code   558  dmul.o(.text)
    __user_setup_stackheap                   0x00000c55   Thumb Code    62  sys_stackheap_outer.o(.text)
    _sys_exit                                0x00000c95   Thumb Code     8  sys_exit.o(.text)
    __I$use$semihosting                      0x00000ca1   Thumb Code     0  use_no_semi.o(.text)
    __use_no_semihosting_swi                 0x00000ca1   Thumb Code     2  use_no_semi.o(.text)
    __decompress                             0x00000ca3   Thumb Code     0  __dczerorl2.o(.text)
    __decompress1                            0x00000ca3   Thumb Code    86  __dczerorl2.o(.text)
    __semihosting_library_function           0x00000ca3   Thumb Code     0  indicate_semi.o(.text)
    OS_Tick_AcknowledgeIRQ                   0x00000e21   Thumb Code    12  os_systick.o(.text.OS_Tick_AcknowledgeIRQ)
    OS_Tick_Enable                           0x00000e2d   Thumb Code    44  os_systick.o(.text.OS_Tick_Enable)
    OS_Tick_GetIRQn                          0x00000e59   Thumb Code     6  os_systick.o(.text.OS_Tick_GetIRQn)
    OS_Tick_Setup                            0x00000e61   Thumb Code    76  os_systick.o(.text.OS_Tick_Setup)
    osDelay                                  0x00000f4d   Thumb Code    40  rtx_delay.o(.text.osDelay)
    osEventFlagsNew                          0x00000f75   Thumb Code    36  rtx_evflags.o(.text.osEventFlagsNew)
    osEventFlagsSet                          0x00000f99   Thumb Code    88  rtx_evflags.o(.text.osEventFlagsSet)
    osEventFlagsWait                         0x00000ff1   Thumb Code    80  rtx_evflags.o(.text.osEventFlagsWait)
    osKernelGetState                         0x00001041   Thumb Code    48  rtx_kernel.o(.text.osKernelGetState)
    osKernelInitialize                       0x00001071   Thumb Code    36  rtx_kernel.o(.text.osKernelInitialize)
    osKernelStart                            0x00001095   Thumb Code    36  rtx_kernel.o(.text.osKernelStart)
    osMessageQueueGet                        0x000010b9   Thumb Code   120  rtx_msgqueue.o(.text.osMessageQueueGet)
    osMessageQueueNew                        0x00001131   Thumb Code    36  rtx_msgqueue.o(.text.osMessageQueueNew)
    osMessageQueuePut                        0x00001155   Thumb Code   128  rtx_msgqueue.o(.text.osMessageQueuePut)
    osMutexAcquire                           0x000011d5   Thumb Code    40  rtx_mutex.o(.text.osMutexAcquire)
    osMutexDelete                            0x000011fd   Thumb Code    40  rtx_mutex.o(.text.osMutexDelete)
    osMutexNew                               0x00001225   Thumb Code    36  rtx_mutex.o(.text.osMutexNew)
    osMutexRelease                           0x00001249   Thumb Code    40  rtx_mutex.o(.text.osMutexRelease)
    osRtxMemoryAlloc                         0x000012ab   Thumb Code   124  rtx_memory.o(.text.osRtxMemoryAlloc)
    osRtxMemoryFree                          0x00001327   Thumb Code    78  rtx_memory.o(.text.osRtxMemoryFree)
    osRtxMemoryInit                          0x00001375   Thumb Code    58  rtx_memory.o(.text.osRtxMemoryInit)
    osRtxMemoryPoolAlloc                     0x000013af   Thumb Code    56  rtx_mempool.o(.text.osRtxMemoryPoolAlloc)
    osRtxMemoryPoolFree                      0x000013e7   Thumb Code    64  rtx_mempool.o(.text.osRtxMemoryPoolFree)
    osRtxMemoryPoolInit                      0x00001427   Thumb Code    68  rtx_mempool.o(.text.osRtxMemoryPoolInit)
    osRtxMutexOwnerRelease                   0x00001549   Thumb Code    62  rtx_mutex.o(.text.osRtxMutexOwnerRelease)
    osRtxPendSV_Handler                      0x00001589   Thumb Code   136  rtx_system.o(.text.osRtxPendSV_Handler)
    osRtxPostProcess                         0x00001611   Thumb Code   108  rtx_system.o(.text.osRtxPostProcess)
    osRtxThreadDelayTick                     0x000017a5   Thumb Code    60  rtx_thread.o(.text.osRtxThreadDelayTick)
    osRtxThreadDispatch                      0x000017e1   Thumb Code    88  rtx_thread.o(.text.osRtxThreadDispatch)
    osRtxThreadListGet                       0x0000188d   Thumb Code    24  rtx_thread.o(.text.osRtxThreadListGet)
    osRtxThreadListPut                       0x000018a5   Thumb Code    58  rtx_thread.o(.text.osRtxThreadListPut)
    osRtxThreadListRemove                    0x000018df   Thumb Code    24  rtx_thread.o(.text.osRtxThreadListRemove)
    osRtxThreadListSort                      0x000018f7   Thumb Code    38  rtx_thread.o(.text.osRtxThreadListSort)
    osRtxThreadReadyPut                      0x00001945   Thumb Code    24  rtx_thread.o(.text.osRtxThreadReadyPut)
    osRtxThreadRegPtr                        0x0000195d   Thumb Code     6  rtx_thread.o(.text.osRtxThreadRegPtr)
    osRtxThreadStackCheck                    0x00001965   Thumb Code    44  rtx_thread.o(.text.osRtxThreadStackCheck)
    osRtxThreadStartup                       0x00001991   Thumb Code    92  rtx_thread.o(.text.osRtxThreadStartup)
    osRtxThreadSwitch                        0x000019ed   Thumb Code    20  rtx_thread.o(.text.osRtxThreadSwitch)
    osRtxThreadWaitEnter                     0x00001a01   Thumb Code    56  rtx_thread.o(.text.osRtxThreadWaitEnter)
    osRtxThreadWaitExit                      0x00001a39   Thumb Code    34  rtx_thread.o(.text.osRtxThreadWaitExit)
    osRtxTick_Handler                        0x00001a5d   Thumb Code   116  rtx_system.o(.text.osRtxTick_Handler)
    osRtxTimerThread                         0x00001ad1   Thumb Code    64  rtx_timer.o(.text.osRtxTimerThread)
    osThreadExit                             0x00001b71   Thumb Code    12  rtx_thread.o(.text.osThreadExit)
    osThreadNew                              0x00001b7d   Thumb Code    36  rtx_thread.o(.text.osThreadNew)
    PIT_IRQHandler                           0x000027e9   Thumb Code    52  main.o(i.PIT_IRQHandler)
    SystemCoreClockUpdate                    0x00002825   Thumb Code   372  system_mkl25z4.o(i.SystemCoreClockUpdate)
    SystemInit                               0x000029b5   Thumb Code     8  system_mkl25z4.o(i.SystemInit)
    TPM1_IRQHandler                          0x000029c1   Thumb Code   110  main.o(i.TPM1_IRQHandler)
    __ARM_common_switch8                     0x00002a35   Thumb Code    28  rtx_config.o(i.__ARM_common_switch8)
    _mutex_acquire                           0x00002b59   Thumb Code    24  rtx_lib.o(i._mutex_acquire)
    _mutex_free                              0x00002b71   Thumb Code    12  rtx_lib.o(i._mutex_free)
    _mutex_initialize                        0x00002b7d   Thumb Code    36  rtx_lib.o(i._mutex_initialize)
    _mutex_release                           0x00002ba1   Thumb Code    20  rtx_lib.o(i._mutex_release)
    _platform_post_stackheap_init            0x00002bb5   Thumb Code     8  rtx_lib.o(i._platform_post_stackheap_init)
    backwardMotor                            0x00002bbd   Thumb Code    26  main.o(i.backwardMotor)
    blueLEDOnOff                             0x00002bdd   Thumb Code    20  gpio.o(i.blueLEDOnOff)
    button2Task                              0x00002bf5   Thumb Code    92  main.o(i.button2Task)
    buttonTask                               0x00002c55   Thumb Code   162  main.o(i.buttonTask)
    configureGPIOinput                       0x00002d05   Thumb Code    94  gpio.o(i.configureGPIOinput)
    configureGPIOoutput                      0x00002d71   Thumb Code   276  gpio.o(i.configureGPIOoutput)
    configurePIT                             0x00002e9d   Thumb Code   110  pit.o(i.configurePIT)
    configureTPM0forPWM                      0x00002f21   Thumb Code   148  tpm_pwm.o(i.configureTPM0forPWM)
    configureTPM1forCapture                  0x00002fc1   Thumb Code   238  tpm_pwm.o(i.configureTPM1forCapture)
    configureTPMClock                        0x000030c9   Thumb Code    16  tpm_pwm.o(i.configureTPMClock)
    directionLEDOnOff                        0x000030dd   Thumb Code    20  gpio.o(i.directionLEDOnOff)
    forwardMotor                             0x000030f5   Thumb Code    26  main.o(i.forwardMotor)
    freqTask                                 0x00003115   Thumb Code   272  main.o(i.freqTask)
    greenLEDOnOff                            0x00003245   Thumb Code    22  gpio.o(i.greenLEDOnOff)
    isPressed                                0x00003261   Thumb Code    20  gpio.o(i.isPressed)
    isPressed2                               0x00003279   Thumb Code    20  gpio.o(i.isPressed2)
    isPressed3                               0x00003291   Thumb Code    20  gpio.o(i.isPressed3)
    main                                     0x000032a9   Thumb Code   128  main.o(i.main)
    osRtxErrorNotify                         0x00003351   Thumb Code    32  rtx_config.o(i.osRtxErrorNotify)
    osRtxIdleThread                          0x00003371   Thumb Code     4  rtx_config.o(i.osRtxIdleThread)
    redLEDOnOff                              0x00003399   Thumb Code    26  gpio.o(i.redLEDOnOff)
    setPWMDuty                               0x000033b9   Thumb Code    16  tpm_pwm.o(i.setPWMDuty)
    setTimer                                 0x000033d1   Thumb Code     8  pit.o(i.setTimer)
    startTimer                               0x000033dd   Thumb Code    22  pit.o(i.startTimer)
    switchDirectionTask                      0x000033f9   Thumb Code    44  main.o(i.switchDirectionTask)
    updateInterval                           0x00003429   Thumb Code   212  main.o(i.updateInterval)
    __I$use$fp                               0x0000351c   Number         0  usenofp.o(x$fpl$usenofp)
    osRtxUserSVC                             0x0000357c   Data           4  rtx_lib.o(.constdata)
    irqRtxLib                                0x00003580   Data           1  irq_cm0.o(.constdata)
    osRtxConfig                              0x00003604   Data         104  rtx_lib.o(.rodata)
    Region$$Table$$Base                      0x00003678   Number         0  anon$$obj.o(Region$$Table)
    Region$$Table$$Limit                     0x00003698   Number         0  anon$$obj.o(Region$$Table)
    .bss.os.msgqueue.cb$$Base                0x20000040   Number         0  rtx_lib.o(.bss.os.msgqueue.cb)
    .bss.os.msgqueue.cb$$Limit               0x20000074   Number         0  rtx_lib.o(.bss.os.msgqueue.cb)
    .bss.os.thread.cb$$Base                  0x200000c4   Number         0  rtx_lib.o(.bss.os.thread.cb)
    .bss.os.thread.cb$$Limit                 0x2000014c   Number         0  rtx_lib.o(.bss.os.thread.cb)
    evtFlags                                 0x20000350   Data           4  main.o(.data)
    t_freq                                   0x20000354   Data           4  main.o(.data)
    t_button                                 0x20000358   Data           4  main.o(.data)
    t_button2                                0x2000035c   Data           4  main.o(.data)
    t_directionMotor                         0x20000360   Data           4  main.o(.data)
    interval_q_id                            0x20000364   Data           4  main.o(.data)
    count                                    0x20000368   Data           4  main.o(.data)
    cumul                                    0x2000036c   Data           4  main.o(.data)
    nextIdx                                  0x20000370   Data           4  main.o(.data)
    newCount                                 0x20000374   Data           4  main.o(.data)
    compare                                  0x20000378   Data           4  main.o(.data)
    PWMdutyCycle                             0x20000380   Data          40  main.o(.data)
    PWM_index                                0x200003a8   Data           2  main.o(.data)
    RPM                                      0x200003ac   Data           4  main.o(.data)
    RPM_int                                  0x200003b0   Data           4  main.o(.data)
    frequency                                0x200003b4   Data           4  main.o(.data)
    irqRtxLibRef                             0x200003b8   Data           4  rtx_lib.o(.data)
    SystemCoreClock                          0x200003c0   Data           4  system_mkl25z4.o(.data)
    osRtxInfo                                0x200003c4   Data         164  rtx_kernel.o(.data.os)
    interval                                 0x20000468   Data          32  main.o(.bss)
    __libspace_start                         0x20000488   Data          96  libspace.o(.bss)
    __temporary_stack_top$libspace           0x200004e8   Data           0  libspace.o(.bss)



==============================================================================

Memory Map of the image

  Image Entry point : 0x00000189

  Load Region LR_1 (Base: 0x00000000, Size: 0x00004b00, Max: 0xffffffff, ABSOLUTE, COMPRESSED[0x000036e4])

    Execution Region ER_RO (Exec base: 0x00000000, Load base: 0x00000000, Size: 0x00003698, Max: 0xffffffff, ABSOLUTE)

    Exec Addr    Load Addr    Size         Type   Attr      Idx    E Section Name        Object

    0x00000000   0x00000000   0x000000c0   Data   RO          418    RESET               startup_mkl25z4.o
    0x000000c0   0x000000c0   0x00000008   Code   RO         1003  * !!!main             c_p.l(__main.o)
    0x000000c8   0x000000c8   0x0000003c   Code   RO         1184    !!!scatter          c_p.l(__scatter.o)
    0x00000104   0x00000104   0x0000001c   Code   RO         1186    !!handler_zi        c_p.l(__scatter_zi.o)
    0x00000120   0x00000120   0x00000002   Code   RO         1051    .ARM.Collect$$libinit$$00000000  c_p.l(libinit.o)
    0x00000122   0x00000122   0x00000000   Code   RO         1065    .ARM.Collect$$libinit$$00000002  c_p.l(libinit2.o)
    0x00000122   0x00000122   0x00000000   Code   RO         1067    .ARM.Collect$$libinit$$00000004  c_p.l(libinit2.o)
    0x00000122   0x00000122   0x00000000   Code   RO         1070    .ARM.Collect$$libinit$$0000000A  c_p.l(libinit2.o)
    0x00000122   0x00000122   0x00000000   Code   RO         1072    .ARM.Collect$$libinit$$0000000C  c_p.l(libinit2.o)
    0x00000122   0x00000122   0x00000000   Code   RO         1074    .ARM.Collect$$libinit$$0000000E  c_p.l(libinit2.o)
    0x00000122   0x00000122   0x00000000   Code   RO         1077    .ARM.Collect$$libinit$$00000011  c_p.l(libinit2.o)
    0x00000122   0x00000122   0x00000000   Code   RO         1079    .ARM.Collect$$libinit$$00000013  c_p.l(libinit2.o)
    0x00000122   0x00000122   0x00000000   Code   RO         1081    .ARM.Collect$$libinit$$00000015  c_p.l(libinit2.o)
    0x00000122   0x00000122   0x00000000   Code   RO         1083    .ARM.Collect$$libinit$$00000017  c_p.l(libinit2.o)
    0x00000122   0x00000122   0x00000000   Code   RO         1085    .ARM.Collect$$libinit$$00000019  c_p.l(libinit2.o)
    0x00000122   0x00000122   0x00000000   Code   RO         1087    .ARM.Collect$$libinit$$0000001B  c_p.l(libinit2.o)
    0x00000122   0x00000122   0x00000000   Code   RO         1089    .ARM.Collect$$libinit$$0000001D  c_p.l(libinit2.o)
    0x00000122   0x00000122   0x00000000   Code   RO         1091    .ARM.Collect$$libinit$$0000001F  c_p.l(libinit2.o)
    0x00000122   0x00000122   0x00000000   Code   RO         1093    .ARM.Collect$$libinit$$00000021  c_p.l(libinit2.o)
    0x00000122   0x00000122   0x00000000   Code   RO         1095    .ARM.Collect$$libinit$$00000023  c_p.l(libinit2.o)
    0x00000122   0x00000122   0x00000000   Code   RO         1097    .ARM.Collect$$libinit$$00000025  c_p.l(libinit2.o)
    0x00000122   0x00000122   0x00000000   Code   RO         1101    .ARM.Collect$$libinit$$0000002C  c_p.l(libinit2.o)
    0x00000122   0x00000122   0x00000000   Code   RO         1103    .ARM.Collect$$libinit$$0000002E  c_p.l(libinit2.o)
    0x00000122   0x00000122   0x00000000   Code   RO         1105    .ARM.Collect$$libinit$$00000030  c_p.l(libinit2.o)
    0x00000122   0x00000122   0x00000000   Code   RO         1107    .ARM.Collect$$libinit$$00000032  c_p.l(libinit2.o)
    0x00000122   0x00000122   0x00000002   Code   RO         1108    .ARM.Collect$$libinit$$00000033  c_p.l(libinit2.o)
    0x00000124   0x00000124   0x00000002   Code   RO         1139    .ARM.Collect$$libshutdown$$00000000  c_p.l(libshutdown.o)
    0x00000126   0x00000126   0x00000000   Code   RO         1165    .ARM.Collect$$libshutdown$$00000002  c_p.l(libshutdown2.o)
    0x00000126   0x00000126   0x00000000   Code   RO         1167    .ARM.Collect$$libshutdown$$00000004  c_p.l(libshutdown2.o)
    0x00000126   0x00000126   0x00000000   Code   RO         1170    .ARM.Collect$$libshutdown$$00000007  c_p.l(libshutdown2.o)
    0x00000126   0x00000126   0x00000000   Code   RO         1173    .ARM.Collect$$libshutdown$$0000000A  c_p.l(libshutdown2.o)
    0x00000126   0x00000126   0x00000000   Code   RO         1175    .ARM.Collect$$libshutdown$$0000000C  c_p.l(libshutdown2.o)
    0x00000126   0x00000126   0x00000000   Code   RO         1178    .ARM.Collect$$libshutdown$$0000000F  c_p.l(libshutdown2.o)
    0x00000126   0x00000126   0x00000002   Code   RO         1179    .ARM.Collect$$libshutdown$$00000010  c_p.l(libshutdown2.o)
    0x00000128   0x00000128   0x00000000   Code   RO         1016    .ARM.Collect$$rtentry$$00000000  c_p.l(__rtentry.o)
    0x00000128   0x00000128   0x00000000   Code   RO         1023    .ARM.Collect$$rtentry$$00000002  c_p.l(__rtentry2.o)
    0x00000128   0x00000128   0x00000006   Code   RO         1035    .ARM.Collect$$rtentry$$00000004  c_p.l(__rtentry4.o)
    0x0000012e   0x0000012e   0x00000008   Code   RO         1024    .ARM.Collect$$rtentry$$00000008  c_p.l(__rtentry2.o)
    0x00000136   0x00000136   0x00000004   Code   RO         1026    .ARM.Collect$$rtentry$$0000000A  c_p.l(__rtentry2.o)
    0x0000013a   0x0000013a   0x00000000   Code   RO         1028    .ARM.Collect$$rtentry$$0000000C  c_p.l(__rtentry2.o)
    0x0000013a   0x0000013a   0x00000008   Code   RO         1029    .ARM.Collect$$rtentry$$0000000D  c_p.l(__rtentry2.o)
    0x00000142   0x00000142   0x00000002   Code   RO         1056    .ARM.Collect$$rtexit$$00000000  c_p.l(rtexit.o)
    0x00000144   0x00000144   0x00000000   Code   RO         1112    .ARM.Collect$$rtexit$$00000002  c_p.l(rtexit2.o)
    0x00000144   0x00000144   0x00000004   Code   RO         1113    .ARM.Collect$$rtexit$$00000003  c_p.l(rtexit2.o)
    0x00000148   0x00000148   0x00000006   Code   RO         1114    .ARM.Collect$$rtexit$$00000004  c_p.l(rtexit2.o)
    0x0000014e   0x0000014e   0x00000002   PAD
    0x00000150   0x00000150   0x00000038   Code   RO          991    .emb_text           c_p.l(rt_memcpy.o)
    0x00000188   0x00000188   0x00000040   Code   RO          420  * .text               startup_mkl25z4.o
    0x000001c8   0x000001c8   0x000000a4   Code   RO          823    .text               RTX_CM0.lib(irq_cm0.o)
    0x0000026c   0x0000026c   0x00000082   Code   RO          992    .text               c_p.l(rt_memcpy.o)
    0x000002ee   0x000002ee   0x00000040   Code   RO          995    .text               c_p.l(rt_memclr.o)
    0x0000032e   0x0000032e   0x00000006   Code   RO         1001    .text               c_p.l(heapauxi.o)
    0x00000334   0x00000334   0x0000006c   Code   RO         1008    .text               fz_ps.l(dfixi.o)
    0x000003a0   0x000003a0   0x00000048   Code   RO         1010    .text               fz_ps.l(dfixui.o)
    0x000003e8   0x000003e8   0x00000010   Code   RO         1042    .text               c_p.l(exit.o)
    0x000003f8   0x000003f8   0x00000008   Code   RO         1052    .text               c_p.l(libspace.o)
    0x00000400   0x00000400   0x00000010   Code   RO          419    .ARM.__at_0x400     startup_mkl25z4.o
    0x00000410   0x00000410   0x0000015a   Code   RO          997    .text               c_p.l(aeabi_sdiv.o)
    0x0000056a   0x0000056a   0x00000002   PAD
    0x0000056c   0x0000056c   0x00000448   Code   RO         1005    .text               fz_ps.l(ddiv.o)
    0x000009b4   0x000009b4   0x00000058   Code   RO         1012    .text               fz_ps.l(dflti.o)
    0x00000a0c   0x00000a0c   0x00000248   Code   RO         1014    .text               fz_ps.l(dmul.o)
    0x00000c54   0x00000c54   0x0000003e   Code   RO         1039    .text               c_p.l(sys_stackheap_outer.o)
    0x00000c92   0x00000c92   0x00000002   PAD
    0x00000c94   0x00000c94   0x0000000c   Code   RO         1109    .text               c_p.l(sys_exit.o)
    0x00000ca0   0x00000ca0   0x00000002   Code   RO         1128    .text               c_p.l(use_no_semi.o)
    0x00000ca2   0x00000ca2   0x00000000   Code   RO         1130    .text               c_p.l(indicate_semi.o)
    0x00000ca2   0x00000ca2   0x00000056   Code   RO         1182    .text               c_p.l(__dczerorl2.o)
    0x00000cf8   0x00000cf8   0x00000052   Code   RO          706    .text.EventFlagsCheck  RTX_CM0.lib(rtx_evflags.o)
    0x00000d4a   0x00000d4a   0x0000004c   Code   RO          804    .text.MessageQueueGet  RTX_CM0.lib(rtx_msgqueue.o)
    0x00000d96   0x00000d96   0x00000060   Code   RO          798    .text.MessageQueuePut  RTX_CM0.lib(rtx_msgqueue.o)
    0x00000df6   0x00000df6   0x00000028   Code   RO          796    .text.MessageQueueRemove  RTX_CM0.lib(rtx_msgqueue.o)
    0x00000e1e   0x00000e1e   0x00000002   PAD
    0x00000e20   0x00000e20   0x0000000c   Code   RO          966    .text.OS_Tick_AcknowledgeIRQ  RTX_CM0.lib(os_systick.o)
    0x00000e2c   0x00000e2c   0x0000002c   Code   RO          962    .text.OS_Tick_Enable  RTX_CM0.lib(os_systick.o)
    0x00000e58   0x00000e58   0x00000006   Code   RO          968    .text.OS_Tick_GetIRQn  RTX_CM0.lib(os_systick.o)
    0x00000e5e   0x00000e5e   0x00000002   PAD
    0x00000e60   0x00000e60   0x0000004c   Code   RO          960    .text.OS_Tick_Setup  RTX_CM0.lib(os_systick.o)
    0x00000eac   0x00000eac   0x00000052   Code   RO          608    .text.ThreadFlagsCheck  RTX_CM0.lib(rtx_thread.o)
    0x00000efe   0x00000efe   0x00000002   PAD
    0x00000f00   0x00000f00   0x0000004c   Code   RO          844    .text.TimerInsert   RTX_CM0.lib(rtx_timer.o)
    0x00000f4c   0x00000f4c   0x00000028   Code   RO          665    .text.osDelay       RTX_CM0.lib(rtx_delay.o)
    0x00000f74   0x00000f74   0x00000024   Code   RO          684    .text.osEventFlagsNew  RTX_CM0.lib(rtx_evflags.o)
    0x00000f98   0x00000f98   0x00000058   Code   RO          688    .text.osEventFlagsSet  RTX_CM0.lib(rtx_evflags.o)
    0x00000ff0   0x00000ff0   0x00000050   Code   RO          698    .text.osEventFlagsWait  RTX_CM0.lib(rtx_evflags.o)
    0x00001040   0x00001040   0x00000030   Code   RO          471    .text.osKernelGetState  RTX_CM0.lib(rtx_kernel.o)
    0x00001070   0x00001070   0x00000024   Code   RO          465    .text.osKernelInitialize  RTX_CM0.lib(rtx_kernel.o)
    0x00001094   0x00001094   0x00000024   Code   RO          475    .text.osKernelStart  RTX_CM0.lib(rtx_kernel.o)
    0x000010b8   0x000010b8   0x00000078   Code   RO          770    .text.osMessageQueueGet  RTX_CM0.lib(rtx_msgqueue.o)
    0x00001130   0x00001130   0x00000024   Code   RO          764    .text.osMessageQueueNew  RTX_CM0.lib(rtx_msgqueue.o)
    0x00001154   0x00001154   0x00000080   Code   RO          768    .text.osMessageQueuePut  RTX_CM0.lib(rtx_msgqueue.o)
    0x000011d4   0x000011d4   0x00000028   Code   RO          733    .text.osMutexAcquire  RTX_CM0.lib(rtx_mutex.o)
    0x000011fc   0x000011fc   0x00000028   Code   RO          739    .text.osMutexDelete  RTX_CM0.lib(rtx_mutex.o)
    0x00001224   0x00001224   0x00000024   Code   RO          729    .text.osMutexNew    RTX_CM0.lib(rtx_mutex.o)
    0x00001248   0x00001248   0x00000028   Code   RO          735    .text.osMutexRelease  RTX_CM0.lib(rtx_mutex.o)
    0x00001270   0x00001270   0x0000003a   Code   RO          704    .text.osRtxEventFlagsPostProcess  RTX_CM0.lib(rtx_evflags.o)
    0x000012aa   0x000012aa   0x0000007c   Code   RO          873    .text.osRtxMemoryAlloc  RTX_CM0.lib(rtx_memory.o)
    0x00001326   0x00001326   0x0000004e   Code   RO          875    .text.osRtxMemoryFree  RTX_CM0.lib(rtx_memory.o)
    0x00001374   0x00001374   0x0000003a   Code   RO          871    .text.osRtxMemoryInit  RTX_CM0.lib(rtx_memory.o)
    0x000013ae   0x000013ae   0x00000038   Code   RO          890    .text.osRtxMemoryPoolAlloc  RTX_CM0.lib(rtx_mempool.o)
    0x000013e6   0x000013e6   0x00000040   Code   RO          892    .text.osRtxMemoryPoolFree  RTX_CM0.lib(rtx_mempool.o)
    0x00001426   0x00001426   0x00000044   Code   RO          888    .text.osRtxMemoryPoolInit  RTX_CM0.lib(rtx_mempool.o)
    0x0000146a   0x0000146a   0x000000de   Code   RO          794    .text.osRtxMessageQueuePostProcess  RTX_CM0.lib(rtx_msgqueue.o)
    0x00001548   0x00001548   0x0000003e   Code   RO          727    .text.osRtxMutexOwnerRelease  RTX_CM0.lib(rtx_mutex.o)
    0x00001586   0x00001586   0x00000002   PAD
    0x00001588   0x00001588   0x00000088   Code   RO          945    .text.osRtxPendSV_Handler  RTX_CM0.lib(rtx_system.o)
    0x00001610   0x00001610   0x0000006c   Code   RO          947    .text.osRtxPostProcess  RTX_CM0.lib(rtx_system.o)
    0x0000167c   0x0000167c   0x0000003c   Code   RO          550    .text.osRtxThreadBlock  RTX_CM0.lib(rtx_thread.o)
    0x000016b8   0x000016b8   0x0000008c   Code   RO          558    .text.osRtxThreadDelayInsert  RTX_CM0.lib(rtx_thread.o)
    0x00001744   0x00001744   0x00000060   Code   RO          554    .text.osRtxThreadDelayRemove  RTX_CM0.lib(rtx_thread.o)
    0x000017a4   0x000017a4   0x0000003c   Code   RO          540    .text.osRtxThreadDelayTick  RTX_CM0.lib(rtx_thread.o)
    0x000017e0   0x000017e0   0x00000058   Code   RO          548    .text.osRtxThreadDispatch  RTX_CM0.lib(rtx_thread.o)
    0x00001838   0x00001838   0x00000054   Code   RO          634    .text.osRtxThreadFree  RTX_CM0.lib(rtx_thread.o)
    0x0000188c   0x0000188c   0x00000018   Code   RO          532    .text.osRtxThreadListGet  RTX_CM0.lib(rtx_thread.o)
    0x000018a4   0x000018a4   0x0000003a   Code   RO          530    .text.osRtxThreadListPut  RTX_CM0.lib(rtx_thread.o)
    0x000018de   0x000018de   0x00000018   Code   RO          536    .text.osRtxThreadListRemove  RTX_CM0.lib(rtx_thread.o)
    0x000018f6   0x000018f6   0x00000026   Code   RO          534    .text.osRtxThreadListSort  RTX_CM0.lib(rtx_thread.o)
    0x0000191c   0x0000191c   0x00000026   Code   RO          606    .text.osRtxThreadPostProcess  RTX_CM0.lib(rtx_thread.o)
    0x00001942   0x00001942   0x00000002   PAD
    0x00001944   0x00001944   0x00000018   Code   RO          538    .text.osRtxThreadReadyPut  RTX_CM0.lib(rtx_thread.o)
    0x0000195c   0x0000195c   0x00000006   Code   RO          542    .text.osRtxThreadRegPtr  RTX_CM0.lib(rtx_thread.o)
    0x00001962   0x00001962   0x00000002   PAD
    0x00001964   0x00001964   0x0000002c   Code   RO          546    .text.osRtxThreadStackCheck  RTX_CM0.lib(rtx_thread.o)
    0x00001990   0x00001990   0x0000005c   Code   RO          560    .text.osRtxThreadStartup  RTX_CM0.lib(rtx_thread.o)
    0x000019ec   0x000019ec   0x00000014   Code   RO          544    .text.osRtxThreadSwitch  RTX_CM0.lib(rtx_thread.o)
    0x00001a00   0x00001a00   0x00000038   Code   RO          556    .text.osRtxThreadWaitEnter  RTX_CM0.lib(rtx_thread.o)
    0x00001a38   0x00001a38   0x00000022   Code   RO          552    .text.osRtxThreadWaitExit  RTX_CM0.lib(rtx_thread.o)
    0x00001a5a   0x00001a5a   0x00000002   PAD
    0x00001a5c   0x00001a5c   0x00000074   Code   RO          943    .text.osRtxTick_Handler  RTX_CM0.lib(rtx_system.o)
    0x00001ad0   0x00001ad0   0x00000040   Code   RO          828    .text.osRtxTimerThread  RTX_CM0.lib(rtx_timer.o)
    0x00001b10   0x00001b10   0x00000060   Code   RO          830    .text.osRtxTimerTick  RTX_CM0.lib(rtx_timer.o)
    0x00001b70   0x00001b70   0x0000000c   Code   RO          590    .text.osThreadExit  RTX_CM0.lib(rtx_thread.o)
    0x00001b7c   0x00001b7c   0x00000024   Code   RO          564    .text.osThreadNew   RTX_CM0.lib(rtx_thread.o)
    0x00001ba0   0x00001ba0   0x00000012   Code   RO          669    .text.svcRtxDelay   RTX_CM0.lib(rtx_delay.o)
    0x00001bb2   0x00001bb2   0x00000002   PAD
    0x00001bb4   0x00001bb4   0x00000074   Code   RO          702    .text.svcRtxEventFlagsNew  RTX_CM0.lib(rtx_evflags.o)
    0x00001c28   0x00001c28   0x00000090   Code   RO          710    .text.svcRtxEventFlagsSet  RTX_CM0.lib(rtx_evflags.o)
    0x00001cb8   0x00001cb8   0x00000078   Code   RO          712    .text.svcRtxEventFlagsWait  RTX_CM0.lib(rtx_evflags.o)
    0x00001d30   0x00001d30   0x0000000c   Code   RO          473    .text.svcRtxKernelGetState  RTX_CM0.lib(rtx_kernel.o)
    0x00001d3c   0x00001d3c   0x0000017c   Code   RO          503    .text.svcRtxKernelInitialize  RTX_CM0.lib(rtx_kernel.o)
    0x00001eb8   0x00001eb8   0x00000088   Code   RO          505    .text.svcRtxKernelStart  RTX_CM0.lib(rtx_kernel.o)
    0x00001f40   0x00001f40   0x000000f0   Code   RO          806    .text.svcRtxMessageQueueGet  RTX_CM0.lib(rtx_msgqueue.o)
    0x00002030   0x00002030   0x000001d4   Code   RO          792    .text.svcRtxMessageQueueNew  RTX_CM0.lib(rtx_msgqueue.o)
    0x00002204   0x00002204   0x000000d0   Code   RO          802    .text.svcRtxMessageQueuePut  RTX_CM0.lib(rtx_msgqueue.o)
    0x000022d4   0x000022d4   0x000000a0   Code   RO          745    .text.svcRtxMutexAcquire  RTX_CM0.lib(rtx_mutex.o)
    0x00002374   0x00002374   0x000000d0   Code   RO          751    .text.svcRtxMutexDelete  RTX_CM0.lib(rtx_mutex.o)
    0x00002444   0x00002444   0x00000078   Code   RO          741    .text.svcRtxMutexNew  RTX_CM0.lib(rtx_mutex.o)
    0x000024bc   0x000024bc   0x000000c0   Code   RO          747    .text.svcRtxMutexRelease  RTX_CM0.lib(rtx_mutex.o)
    0x0000257c   0x0000257c   0x0000006c   Code   RO          638    .text.svcRtxThreadExit  RTX_CM0.lib(rtx_thread.o)
    0x000025e8   0x000025e8   0x00000200   Code   RO          562    .text.svcRtxThreadNew  RTX_CM0.lib(rtx_thread.o)
    0x000027e8   0x000027e8   0x0000003c   Code   RO          102    i.PIT_IRQHandler    main.o
    0x00002824   0x00002824   0x00000190   Code   RO          428    i.SystemCoreClockUpdate  system_mkl25z4.o
    0x000029b4   0x000029b4   0x0000000c   Code   RO          429    i.SystemInit        system_mkl25z4.o
    0x000029c0   0x000029c0   0x00000074   Code   RO          103    i.TPM1_IRQHandler   main.o
    0x00002a34   0x00002a34   0x0000001c   Code   RO          407    i.__ARM_common_switch8  rtx_config.o
    0x00002a50   0x00002a50   0x00000018   Code   RO          104    i.__NVIC_ClearPendingIRQ  main.o
    0x00002a68   0x00002a68   0x00000078   Code   RO          215    i.__NVIC_SetPriority  pit.o
    0x00002ae0   0x00002ae0   0x00000078   Code   RO          261    i.__NVIC_SetPriority  tpm_pwm.o
    0x00002b58   0x00002b58   0x00000018   Code   RO          307    i._mutex_acquire    rtx_lib.o
    0x00002b70   0x00002b70   0x0000000c   Code   RO          308    i._mutex_free       rtx_lib.o
    0x00002b7c   0x00002b7c   0x00000024   Code   RO          309    i._mutex_initialize  rtx_lib.o
    0x00002ba0   0x00002ba0   0x00000014   Code   RO          310    i._mutex_release    rtx_lib.o
    0x00002bb4   0x00002bb4   0x00000008   Code   RO          311    i._platform_post_stackheap_init  rtx_lib.o
    0x00002bbc   0x00002bbc   0x00000020   Code   RO          105    i.backwardMotor     main.o
    0x00002bdc   0x00002bdc   0x00000018   Code   RO            3    i.blueLEDOnOff      gpio.o
    0x00002bf4   0x00002bf4   0x00000060   Code   RO          106    i.button2Task       main.o
    0x00002c54   0x00002c54   0x000000b0   Code   RO          107    i.buttonTask        main.o
    0x00002d04   0x00002d04   0x0000006c   Code   RO            4    i.configureGPIOinput  gpio.o
    0x00002d70   0x00002d70   0x0000012c   Code   RO            5    i.configureGPIOoutput  gpio.o
    0x00002e9c   0x00002e9c   0x00000084   Code   RO          216    i.configurePIT      pit.o
    0x00002f20   0x00002f20   0x000000a0   Code   RO          262    i.configureTPM0forPWM  tpm_pwm.o
    0x00002fc0   0x00002fc0   0x00000108   Code   RO          263    i.configureTPM1forCapture  tpm_pwm.o
    0x000030c8   0x000030c8   0x00000014   Code   RO          264    i.configureTPMClock  tpm_pwm.o
    0x000030dc   0x000030dc   0x00000018   Code   RO            6    i.directionLEDOnOff  gpio.o
    0x000030f4   0x000030f4   0x00000020   Code   RO          108    i.forwardMotor      main.o
    0x00003114   0x00003114   0x00000130   Code   RO          109    i.freqTask          main.o
    0x00003244   0x00003244   0x0000001c   Code   RO            7    i.greenLEDOnOff     gpio.o
    0x00003260   0x00003260   0x00000018   Code   RO            8    i.isPressed         gpio.o
    0x00003278   0x00003278   0x00000018   Code   RO            9    i.isPressed2        gpio.o
    0x00003290   0x00003290   0x00000018   Code   RO           10    i.isPressed3        gpio.o
    0x000032a8   0x000032a8   0x000000a8   Code   RO          110    i.main              main.o
    0x00003350   0x00003350   0x00000020   Code   RO          386    i.osRtxErrorNotify  rtx_config.o
    0x00003370   0x00003370   0x00000004   Code   RO          387    i.osRtxIdleThread   rtx_config.o
    0x00003374   0x00003374   0x00000024   Code   RO          312    i.os_kernel_is_active  rtx_lib.o
    0x00003398   0x00003398   0x00000020   Code   RO           11    i.redLEDOnOff       gpio.o
    0x000033b8   0x000033b8   0x00000018   Code   RO          265    i.setPWMDuty        tpm_pwm.o
    0x000033d0   0x000033d0   0x0000000c   Code   RO          217    i.setTimer          pit.o
    0x000033dc   0x000033dc   0x0000001c   Code   RO          218    i.startTimer        pit.o
    0x000033f8   0x000033f8   0x00000030   Code   RO          113    i.switchDirectionTask  main.o
    0x00003428   0x00003428   0x000000f4   Code   RO          114    i.updateInterval    main.o
    0x0000351c   0x0000351c   0x00000000   Code   RO         1021    x$fpl$usenofp       fz_ps.l(usenofp.o)
    0x0000351c   0x0000351c   0x00000064   Data   RO          319    .constdata          rtx_lib.o
    0x00003580   0x00003580   0x00000001   Data   RO          822    .constdata          RTX_CM0.lib(irq_cm0.o)
    0x00003581   0x00003581   0x00000080   Data   RO         1006    .constdata          fz_ps.l(ddiv.o)
    0x00003601   0x00003601   0x00000003   PAD
    0x00003604   0x00003604   0x00000068   Data   RO          321    .rodata             rtx_lib.o
    0x0000366c   0x0000366c   0x0000000b   Data   RO          517    .rodata.str1.4      RTX_CM0.lib(rtx_kernel.o)
    0x00003677   0x00003677   0x00000001   PAD
    0x00003678   0x00003678   0x00000020   Data   RO         1180    Region$$Table       anon$$obj.o


    Execution Region ER_RW (Exec base: 0x1ffff000, Load base: 0x00003698, Size: 0x00001468, Max: 0xffffffff, ABSOLUTE, COMPRESSED[0x0000004c])

    Exec Addr    Load Addr    Size         Type   Attr      Idx    E Section Name        Object

    0x1ffff000   COMPRESSED   0x00001040   Data   RW          313    .bss.os             rtx_lib.o
    0x20000040   COMPRESSED   0x00000034   Data   RW          315    .bss.os.msgqueue.cb  rtx_lib.o
    0x20000074   COMPRESSED   0x00000050   Data   RW          316    .bss.os.msgqueue.mem  rtx_lib.o
    0x200000c4   COMPRESSED   0x00000088   Data   RW          317    .bss.os.thread.cb   rtx_lib.o
    0x2000014c   COMPRESSED   0x00000004   PAD
    0x20000150   COMPRESSED   0x00000200   Data   RW          318    .bss.os.thread.stack  rtx_lib.o
    0x20000350   COMPRESSED   0x00000068   Data   RW          116    .data               main.o
    0x200003b8   COMPRESSED   0x00000005   Data   RW          320    .data               rtx_lib.o
    0x200003bd   COMPRESSED   0x00000003   PAD
    0x200003c0   COMPRESSED   0x00000004   Data   RW          430    .data               system_mkl25z4.o
    0x200003c4   COMPRESSED   0x000000a4   Data   RW          518    .data.os            RTX_CM0.lib(rtx_kernel.o)


    Execution Region ER_ZI (Exec base: 0x20000468, Load base: 0x000036e4, Size: 0x00000188, Max: 0xffffffff, ABSOLUTE)

    Exec Addr    Load Addr    Size         Type   Attr      Idx    E Section Name        Object

    0x20000468        -       0x00000020   Zero   RW          115    .bss                main.o
    0x20000488        -       0x00000060   Zero   RW         1053    .bss                c_p.l(libspace.o)
    0x200004e8        -       0x00000001   Zero   RW          978    .bss.PendST         RTX_CM0.lib(os_systick.o)
    0x200004e9   0x000036e4   0x00000007   PAD
    0x200004f0        -       0x00000000   Zero   RW          417    HEAP                startup_mkl25z4.o
    0x200004f0        -       0x00000100   Zero   RW          416    STACK               startup_mkl25z4.o


==============================================================================

Image component sizes


      Code (inc. data)   RO Data    RW Data    ZI Data      Debug   Object Name

       588         70          0          0          0     220126   gpio.o
      1300        158          0        104         32      18241   main.o
       292         42          0          0          0       9371   pit.o
        64          8          0          0          0       1073   rtx_config.o
       136          6        204       4945          0      15479   rtx_lib.o
        80         44        192          0        256        916   startup_mkl25z4.o
       412         42          0          4          0       1555   system_mkl25z4.o
       588         60          0          0          0       2589   tpm_pwm.o

    ----------------------------------------------------------------------
      3460        430        428       5060        288     269350   Object Totals
         0          0         32          0          0          0   (incl. Generated)
         0          0          0          7          0          0   (incl. Padding)

    ----------------------------------------------------------------------

      Code (inc. data)   RO Data    RW Data    ZI Data      Debug   Library Member Name

       164          8          1          0          0        500   irq_cm0.o
       138         32          0          0          1       3224   os_systick.o
        58          4          0          0          0       2886   rtx_delay.o
       724         24          0          0          0      12869   rtx_evflags.o
       648         48         11        164          0      17544   rtx_kernel.o
       260          0          0          0          0       2922   rtx_memory.o
       188          0          0          0          0      14743   rtx_mempool.o
      1634         44          0          0          0      18033   rtx_msgqueue.o
       898         32          0          0          0       9804   rtx_mutex.o
       360         24          0          0          0       4848   rtx_system.o
      1736         96          0          0          0      32232   rtx_thread.o
       236         20          0          0          0      10604   rtx_timer.o
        86          0          0          0          0          0   __dczerorl2.o
         8          0          0          0          0         68   __main.o
         0          0          0          0          0          0   __rtentry.o
        20          0          0          0          0          0   __rtentry2.o
         6          0          0          0          0          0   __rtentry4.o
        60          8          0          0          0          0   __scatter.o
        28          0          0          0          0          0   __scatter_zi.o
       346          0          0          0          0         92   aeabi_sdiv.o
        16          0          0          0          0         68   exit.o
         6          0          0          0          0        136   heapauxi.o
         0          0          0          0          0          0   indicate_semi.o
         2          0          0          0          0          0   libinit.o
         2          0          0          0          0          0   libinit2.o
         2          0          0          0          0          0   libshutdown.o
         2          0          0          0          0          0   libshutdown2.o
         8          4          0          0         96         68   libspace.o
        64          0          0          0          0        108   rt_memclr.o
       186          0          0          0          0        144   rt_memcpy.o
         2          0          0          0          0          0   rtexit.o
        10          0          0          0          0          0   rtexit2.o
        12          4          0          0          0         60   sys_exit.o
        62          0          0          0          0         80   sys_stackheap_outer.o
         2          0          0          0          0         68   use_no_semi.o
      1096         26        128          0          0        112   ddiv.o
       108         10          0          0          0         72   dfixi.o
        72          4          0          0          0         68   dfixui.o
        88          0          0          0          0         92   dflti.o
       584         26          0          0          0         84   dmul.o
         0          0          0          0          0          0   usenofp.o

    ----------------------------------------------------------------------
      9944        414        144        164        104     131529   Library Totals
        22          0          4          0          7          0   (incl. Padding)

    ----------------------------------------------------------------------

      Code (inc. data)   RO Data    RW Data    ZI Data      Debug   Library Name

      7044        332         12        164          1     130209   RTX_CM0.lib
       930         16          0          0         96        892   c_p.l
      1948         66        128          0          0        428   fz_ps.l

    ----------------------------------------------------------------------
      9944        414        144        164        104     131529   Library Totals

    ----------------------------------------------------------------------

==============================================================================


      Code (inc. data)   RO Data    RW Data    ZI Data      Debug   

     13404        844        572       5224        392     398495   Grand Totals
     13404        844        572         76        392     398495   ELF Image Totals (compressed)
     13404        844        572         76          0          0   ROM Totals

==============================================================================

    Total RO  Size (Code + RO Data)                13976 (  13.65kB)
    Total RW  Size (RW Data + ZI Data)              5616 (   5.48kB)
    Total ROM Size (Code + RO Data + RW Data)      14052 (  13.72kB)

==============================================================================

